
[1m[46m RUN [49m[22m [36mv4.0.18 [39m[90mD:/quizmon/Quizmon-UI[39m

 [32mΓ£ô[39m src/__tests__/ui/progress.test.tsx[2m > [22mProgress component[2m > [22mrenders correctly with value[33m 532[2mms[22m[39m
 [32mΓ£ô[39m src/__tests__/ui/button.test.tsx[2m > [22mButton component[2m > [22mrenders correctly with default props[33m 441[2mms[22m[39m
 [32mΓ£ô[39m src/__tests__/ui/button.test.tsx[2m > [22mButton component[2m > [22mhandles onClick events[32m 69[2mms[22m[39m
 [32mΓ£ô[39m src/__tests__/ui/button.test.tsx[2m > [22mButton component[2m > [22mcan be disabled[32m 114[2mms[22m[39m
 [32mΓ£ô[39m src/__tests__/ui/alert.test.tsx[2m > [22mAlert component[2m > [22mrenders default Alert correctly[33m 522[2mms[22m[39m
 [32mΓ£ô[39m src/__tests__/ui/progress.test.tsx[2m > [22mProgress component[2m > [22mrenders correctly with 0 value[32m 142[2mms[22m[39m
 [32mΓ£ô[39m src/__tests__/ui/progress.test.tsx[2m > [22mProgress component[2m > [22mrenders correctly with 100 value[32m 92[2mms[22m[39m
 [32mΓ£ô[39m src/__tests__/ui/alert.test.tsx[2m > [22mAlert component[2m > [22mrenders destructive Alert correctly[32m 192[2mms[22m[39m
 [32mΓ£ô[39m src/__tests__/ui/alert.test.tsx[2m > [22mAlert component[2m > [22mapplies custom className[32m 60[2mms[22m[39m
 [32mΓ£ô[39m src/__tests__/ui/progress.test.tsx[2m > [22mProgress component[2m > [22mapplies custom className[32m 17[2mms[22m[39m
 [32mΓ£ô[39m src/__tests__/ui/table.test.tsx[2m > [22mTable component[2m > [22mrenders Table structure correctly[32m 196[2mms[22m[39m
 [32mΓ£ô[39m src/__tests__/ui/table.test.tsx[2m > [22mTable component[2m > [22mapplies custom className to TableRow[33m 601[2mms[22m[39m
 [31m├ù[39m src/__tests__/auth/LoginForm.test.tsx[2m > [22mLoginForm Component[2m > [22mrenders the login form correctly[32m 156[2mms[22m[39m
[31m   ΓåÆ Unable to find an element with the text: Log in. This could be because the text is broken up by multiple elements. In this case, you can provide a function for your text matcher to make your matcher more flexible.

Ignored nodes: comments, script, style
[36m<body>[31m
  [36m<div>[31m
    [36m<div[31m
      [33mclass[31m=[32m"min-h-screen w-full flex flex-col items-center justify-center bg-[#f8fafc] p-4 sm:p-6 relative overflow-hidden"[31m
    [36m>[31m
      [36m<div[31m
        [33mclass[31m=[32m"absolute top-4 left-4 sm:top-8 sm:left-8 z-20"[31m
      [36m>[31m
        [36m<button[31m
          [33mclass[31m=[32m"justify-center whitespace-nowrap rounded-full text-base disabled:pointer-events-none disabled:opacity-50 [&_svg]:pointer-events-none [&_svg:not([class*='size-'])]:size-5 shrink-0 [&_svg]:shrink-0 outline-none focus-visible:ring-2 focus-visible:ring-primary/50 select-none border-[3px] border-transparent hover:bg-accent active:translate-y-0 active:shadow-none hover:-translate-y-0 h-11 px-6 py-2 has-[>svg]:px-4 group flex items-center gap-2 font-black text-slate-400 hover:text-primary transition-colors"[31m
          [33mdata-slot[31m=[32m"button"[31m
        [36m>[31m
          [36m<svg[31m
            [33mclass[31m=[32m"lucide lucide-arrow-left size-5 group-hover:-translate-x-1 transition-transform"[31m
            [33mfill[31m=[32m"none"[31m
            [33mheight[31m=[32m"24"[31m
            [33mstroke[31m=[32m"currentColor"[31m
            [33mstroke-linecap[31m=[32m"round"[31m
            [33mstroke-linejoin[31m=[32m"round"[31m
            [33mstroke-width[31m=[32m"2"[31m
            [33mviewBox[31m=[32m"0 0 24 24"[31m
            [33mwidth[31m=[32m"24"[31m
            [33mxmlns[31m=[32m"http://www.w3.org/2000/svg"[31m
          [36m>[31m
            [36m<path[31m
              [33md[31m=[32m"m12 19-7-7 7-7"[31m
            [36m/>[31m
            [36m<path[31m
              [33md[31m=[32m"M19 12H5"[31m
            [36m/>[31m
          [36m</svg>[31m
          [36m<span[31m
            [33mclass[31m=[32m"hidden sm:inline"[31m
          [36m>[31m
            [0mTrß╗ƒ vß╗ü trang chß╗º[0m
          [36m</span>[31m
        [36m</button>[31m
      [36m</div>[31m
      [36m<div[31m
        [33mclass[31m=[32m"absolute -bottom-24 -right-24 size-[600px] bg-emerald-400/10 rounded-full blur-[120px] pointer-events-none animate-pulse"[31m
        [33mstyle[31m=[32m"animation-duration: 8s;"[31m
      [36m/>[31m
      [36m<div[31m
        [33mclass[31m=[32m"absolute -top-24 -left-24 size-[600px] bg-blue-400/10 rounded-full blur-[120px] pointer-events-none animate-pulse"[31m
        [33mstyle[31m=[32m"animation-duration: 10s;"[31m
      [36m/>[31m
      [36m<div[31m
        [33mclass[31m=[32m"absolute inset-0 bg-[radial-gradient(circle_at_bottom_left,rgba(52,211,153,0.05),transparent_40%)] pointer-events-none"[31m
      [36m/>[31m
      [36m<div[31m
        [33mclass[31m=[32m"absolute top-0 right-0 w-[30%] h-full bg-linear-to-l from-slate-200/20 to-transparent pointer-events-none transform -skew-x-12 translate-x-1/4"[31m
      [36m/>[31m
      [36m<div[31m
        [33mclass[31m=[32m"mb-6 sm:mb-10 cursor-pointer transition-transform hover:scale-105 active:scale-95"[31m
      [36m>[31m
        [36m<img[31m
          [33malt[31m=[32m"Quizmon Logo"[31m
          [33mclass[31m=[32m"h-10 sm:h-16 w-auto object-contain drop-shadow-sm"[31m
          [33msrc[31m=[32m"/quizmon.png"[31m
        [36m/>[31m
      [36m</div>[31m
      [36m<div[31m
        [33mclass[31m=[32m"w-full max-w-md bg-white rounded-3xl sm:rounded-4xl p-6 sm:p-10 shadow-2xl shadow-slate-200/50 border border-slate-100 animate-in fade-in zoom-in-95 duration-500"[31m
      [36m>[31m
        [36m<div[31m
          [33mclass[31m=[32m"mb-6 sm:mb-8 text-center"[31m
        [36m>[31m
          [36m<h1[31m
            [33mclass[31m=[32m"text-xl sm:text-3xl font-black tracking-tight text-slate-800"[31m
          [36m>[31m
            [0mCh├áo mß╗½ng trß╗ƒ lß║íi![0m
          [36m</h1>[31m
          [36m<p[31m
            [33mclass[31m=[32m"text-sm sm:text-slate-500 font-bold mt-1 sm:mt-2"[31m
          [36m>[31m
            [0m─É─âng nhß║¡p ─æß╗â tiß║┐p tß╗Ñc hß╗ìc tß║¡p.[0m
          [36m</p>[31m
        [36m</div>[31m
        [36m<form[31m
          [33mclass[31m=[32m"space-y-6"[31m
        [36m>[31m
          [36m<div[31m
            [33mclass[31m=[32m"space-y-4"[31m
          [36m>[31m
            [36m<div[31m
              [33mclass[31m=[32m"space-y-1 sm:space-y-2"[31m
            [36m>[31m
              [36m<label[31m
                [33mclass[31m=[32m"text-[10px] sm:text-xs font-black uppercase tracking-widest text-slate-400 px-1"[31m
              [36m>[31m
                [0mEmail / T├ái khoß║ún[0m
              [36m</label>[31m
              [36m<div[31m
                [33mclass[31m=[32m"relative group"[31m
              [36m>[31m
                [36m<svg[31m
                  [33mclass[31m=[32m"lucide lucide-mail absolute left-4 top-1/2 -translate-y-1/2 size-4 sm:size-5 text-slate-300 group-focus-within:text-primary transition-colors"[31m
                  [33mfill[31m=[32m"none"[31m
                  [33mheight[31m=[32m"24"[31m
                  [33mstroke[31m=[32m"currentColor"[31m
                  [33mstroke-linecap[31m=[32m"round"[31m
                  [33mstroke-linejoin[31m=[32m"round"[31m
                  [33mstroke-width[31m=[32m"2"[31m
                  [33mviewBox[31m=[32m"0 0 24 24"[31m
                  [33mwidth[31m=[32m"24"[31m
                  [33mxmlns[31m=[32m"http://www.w3.org/2000/svg"[31m
                [36m>[31m
                  [36m<rect[31m
                    [33mheight[31m=[32m"16"[31m
                    [33mrx[31m=[32m"2"[31m
                    [33mwidth[31m=[32m"20"[31m
                    [33mx[31m=[32m"2"[31m
                    [33my[31m=[32m"4"[31m
                  [36m/>[31m
                  [36m<path[31m
                    [33md[31m=[32m"m22 7-8.97 5.7a1.94 1.94 0 0 1-2.06 0L2 7"[31m
                  [36m/>[31m
                [36m</svg>[31m
                [36m<input[31m
                  [33mclass[31m=[32m"w-full bg-slate-50 border-2 border-slate-50 py-3 sm:py-4 pl-10 sm:pl-12 pr-4 rounded-xl sm:rounded-2xl text-base sm:text-lg font-bold text-slate-700 placeholder:text-slate-300 focus:outline-none focus:border-primary/20 focus:bg-white transition-all shadow-sm"[31m
                  [33mrequired[31m=[32m""[31m
                  [33mtype[31m=[32m"text"[31m
                  [33mvalue[31m=[32m""[31m
                [36m/>[31m
              [36m</div>[31m
            [36m</div>[31m
            [36m<div[31m
              [33mclass[31m=[32m"space-y-1 sm:space-y-2"[31m
            [36m>[31m
              [36m<div[31m
                [33mclass[31m=[32m"flex items-center justify-between px-1"[31m
              [36m>[31m
                [36m<label[31m
                  [33mclass[31m=[32m"text-[10px] sm:text-xs font-black uppercase tracking-widest text-slate-400"[31m
                [36m>[31m
                  [0mMß║¡t khß║⌐u[0m
                [36m</label>[31m
                [36m<a[31m
                  [33mclass[31m=[32m"text-[10px] sm:text-xs font-black text-primary hover:underline"[31m
                  [33mhref[31m=[32m"#"[31m
                [36m>[31m
                  [0mQu├¬n mß║¡t khß║⌐u?[0m
                [36m</a>[31m
              [36m</div>[31m
              [36m<div[31m
                [33mclass[31m=[32m"relative group"[31m
              [36m>[31m
                [36m<svg[31m
                  [33mclass[31m=[32m"lucide lucide-lock absolute left-4 top-1/2 -translate-y-1/2 size-4 sm:size-5 text-slate-300 group-focus-within:text-primary transition-colors"[31m
                  [33mfill[31m=[32m"none"[31m
                  [33mheight[31m=[32m"24"[31m
                  [33mstroke[31m=[32m"currentColor"[31m
                  [33mstroke-linecap[31m=[32m"round"[31m
                  [33mstroke-linejoin[31m=[32m"round"[31m
                  [33mstroke-width[31m=[32m"2"[31m
                  [33mviewBox[31m=[32m"0 0 24 24"[31m
                  [33mwidth[31m=[32m"24"[31m
                  [33mxmlns[31m=[32m"http://www.w3.org/2000/svg"[31m
                [36m>[31m
                  [36m<rect[31m
                    [33mheight[31m=[32m"11"[31m
                    [33mrx[31m=[32m"2"[31m
                    [33mry[31m=[32m"2"[31m
                    [33mwidth[31m=[32m"18"[31m
                    [33mx[31m=[32m"3"[31m
                    [33my[31m=[32m"11"[31m
                  [36m/>[31m
                  [36m<path[31m
                    [33md[31m=[32m"M7 11V7a5 5 0 0 1 10 0v4"[31m
                  [36m/>[31m
                [36m</svg>[31m
                [36m<input[31m
                  [33mclass[31m=[32m"w-full bg-slate-50 border-2 border-slate-50 py-3 sm:py-4 pl-10 sm:pl-12 pr-4 rounded-xl sm:rounded-2xl text-base sm:text-lg font-bold text-slate-700 placeholder:text-slate-300 focus:outline-none focus:border-primary/20 focus:bg-white transition-all shadow-sm"[31m
                  [33mplaceholder[31m=[32m"ΓÇóΓÇóΓÇóΓÇóΓÇóΓÇóΓÇóΓÇó"[31m
                  [33mrequired[31m=[32m""[31m
                  [33mtype[31m=[32m"password"[31m
                  [33mvalue[31m=[32m""[31m
                [36m/>[31m
              [36m</div>[31m
            [36m</div>[31m
          [36m</div>[31m
          [36m<button[31m
            [33mclass[31m=[32m"inline-flex items-center justify-center gap-2 whitespace-nowrap disabled:pointer-events-none disabled:opacity-50 [&_svg]:pointer-events-none [&_svg:not([class*='size-'])]:size-5 shrink-0 [&_svg]:shrink-0 outline-none focus-visible:ring-2 focus-visible:ring-primary/50 select-none active:translate-y-1 active:shadow-none border-[3px] bg-primary text-primary-foreground border-black/10 hover:bg-primary/90 hover:-translate-y-0.5 hover:shadow-[0_5px_0_0_rgba(0,0,0,0.2)] h-11 px-6 has-[>svg]:px-4 w-full py-5 sm:py-7 rounded-xl sm:rounded-2xl text-base sm:text-xl font-black shadow-lg shadow-primary/20 hover:shadow-primary/30 active:scale-[0.98] transition-all"[31m
            [33mdata-slot[31m=[32m"button"[31m
            [33mtype[31m=[32m"submit"[31m
          [36m>[31m
            [0m─É─âng nhß║¡p ngay![0m
            [36m<svg[31m
              [33mclass[31m=[32m"lucide lucide-arrow-right ml-2 size-5 sm:size-6"[31m
              [33mfill[31m=[32m"none"[31m
              [33mheight[31m=[32m"24"[31m
              [33mstroke[31m=[32m"currentColor"[31m
              [33mstroke-linecap[31m=[32m"round"[31m
              [33mstroke-linejoin[31m=[32m"round"[31m
              [33mstroke-width[31m=[32m"2"[31m
              [33mviewBox[31m=[32m"0 0 24 24"[31m
              [33mwidth[31m=[32m"24"[31m
              [33mxmlns[31m=[32m"http://www.w3.org/2000/svg"[31m
            [36m>[31m
              [36m<path[31m
                [33md[31m=[32m"M5 12h14"[31m
              [36m/>[31m
              [36m<path[31m
                [33md[31m=[32m"m12 5 7 7-7 7"[31m
              [36m/>[31m
            [36m</svg>[31m
          [36m</button>[31m
          [36m<div[31m
            [33mclass[31m=[32m"relative py-4"[31m
          [36m>[31m
            [36m<div[31m
              [33mclass[31m=[32m"absolute inset-0 flex items-center"[31m
            [36m>[31m
              [36m<span[31m
                [33mclass[31m=[32m"w-full border-t border-slate-100"[31m
              [36m/>[31m
            [36m</div>[31m
            [36m<div[31m
              [33mclass[31m=[32m"relative flex justify-center text-xs uppercase"[31m
            [36m>[31m
              [36m<span[31m
                [33mclass[31m=[32m"bg-white px-4 font-black text-slate-300 tracking-widest"[31m
              [36m>[31m
                [0mhoß║╖c[0m
              [36m</span>[31m
            [36m</div>[31m
          [36m</div>[31m
          [36m<button[31m
            [33mclass[31m=[32m"inline-flex items-center justify-center whitespace-nowrap disabled:pointer-events-none disabled:opacity-50 [&_svg]:pointer-events-none [&_svg:not([class*='size-'])]:size-5 shrink-0 [&_svg]:shrink-0 outline-none focus-visible:ring-2 focus-visible:ring-primary/50 select-none active:translate-y-1 active:shadow-none border-[3px] shadow-[0_4px_0_0_#e5e7eb] hover:-translate-y-0.5 hover:shadow-[0_5px_0_0_#e5e7eb] h-11 px-6 has-[>svg]:px-4 w-full py-5 sm:py-7 rounded-xl sm:rounded-2xl font-black text-sm sm:text-lg border-slate-100 bg-slate-50/50 hover:bg-slate-50 hover:border-slate-200 transition-all gap-3 text-slate-600"[31m
            [33mdata-slot[31m=[32m"button"[31m
            [33mtype[31m=[32m"button"[31m
          [36m>[31m
            [36m<img[31m
              [33malt[31m=[32m"Google"[31m
              [33mclass[31m=[32m"size-5 sm:size-6"[31m
              [33msrc[31m=[32m"https://www.svgrepo.com/show/475656/google-color.svg"[31m
            [36m/>[31m
            [0mTiß║┐p tß╗Ñc vß╗¢i Google[0m
          [36m</button>[31m
        [36m</form>[31m
        [36m<div[31m
          [33mclass[31m=[32m"mt-10 text-center text-sm font-bold text-slate-400"[31m
        [36m>[31m
          [0mCh╞░a c├│ t├ái khoß║ún?[0m
          [0m [0m
          [36m<span[31m
            [33mclass[31m=[32m"text-primary cursor-pointer hover:underline"[31m
          [36m>[31m
            [0m─É─âng k├╜ ngay[0m
          [36m</span>[31m
        [36m</div>[31m
      [36m</div>[31m
      [36m<div[31m
        [33mclass[31m=[32m"mt-8 text-slate-300 text-xs font-bold tracking-widest uppercase"[31m
      [36m>[31m
        [0m┬⌐ 2026 Quizmon Team[0m
      [36m</div>[31m
    [36m</div>[31m
  [36m</div>[31m
[36m</body>[31m[39m
 [31m├ù[39m src/__tests__/auth/LoginForm.test.tsx[2m > [22mLoginForm Component[2m > [22mhandles manual login submission[32m 58[2mms[22m[39m
[31m   ΓåÆ Unable to find an element with the placeholder text of: Username or email

Ignored nodes: comments, script, style
[36m<body>[31m
  [36m<div>[31m
    [36m<div[31m
      [33mclass[31m=[32m"min-h-screen w-full flex flex-col items-center justify-center bg-[#f8fafc] p-4 sm:p-6 relative overflow-hidden"[31m
    [36m>[31m
      [36m<div[31m
        [33mclass[31m=[32m"absolute top-4 left-4 sm:top-8 sm:left-8 z-20"[31m
      [36m>[31m
        [36m<button[31m
          [33mclass[31m=[32m"justify-center whitespace-nowrap rounded-full text-base disabled:pointer-events-none disabled:opacity-50 [&_svg]:pointer-events-none [&_svg:not([class*='size-'])]:size-5 shrink-0 [&_svg]:shrink-0 outline-none focus-visible:ring-2 focus-visible:ring-primary/50 select-none border-[3px] border-transparent hover:bg-accent active:translate-y-0 active:shadow-none hover:-translate-y-0 h-11 px-6 py-2 has-[>svg]:px-4 group flex items-center gap-2 font-black text-slate-400 hover:text-primary transition-colors"[31m
          [33mdata-slot[31m=[32m"button"[31m
        [36m>[31m
          [36m<svg[31m
            [33mclass[31m=[32m"lucide lucide-arrow-left size-5 group-hover:-translate-x-1 transition-transform"[31m
            [33mfill[31m=[32m"none"[31m
            [33mheight[31m=[32m"24"[31m
            [33mstroke[31m=[32m"currentColor"[31m
            [33mstroke-linecap[31m=[32m"round"[31m
            [33mstroke-linejoin[31m=[32m"round"[31m
            [33mstroke-width[31m=[32m"2"[31m
            [33mviewBox[31m=[32m"0 0 24 24"[31m
            [33mwidth[31m=[32m"24"[31m
            [33mxmlns[31m=[32m"http://www.w3.org/2000/svg"[31m
          [36m>[31m
            [36m<path[31m
              [33md[31m=[32m"m12 19-7-7 7-7"[31m
            [36m/>[31m
            [36m<path[31m
              [33md[31m=[32m"M19 12H5"[31m
            [36m/>[31m
          [36m</svg>[31m
          [36m<span[31m
            [33mclass[31m=[32m"hidden sm:inline"[31m
          [36m>[31m
            [0mTrß╗ƒ vß╗ü trang chß╗º[0m
          [36m</span>[31m
        [36m</button>[31m
      [36m</div>[31m
      [36m<div[31m
        [33mclass[31m=[32m"absolute -bottom-24 -right-24 size-[600px] bg-emerald-400/10 rounded-full blur-[120px] pointer-events-none animate-pulse"[31m
        [33mstyle[31m=[32m"animation-duration: 8s;"[31m
      [36m/>[31m
      [36m<div[31m
        [33mclass[31m=[32m"absolute -top-24 -left-24 size-[600px] bg-blue-400/10 rounded-full blur-[120px] pointer-events-none animate-pulse"[31m
        [33mstyle[31m=[32m"animation-duration: 10s;"[31m
      [36m/>[31m
      [36m<div[31m
        [33mclass[31m=[32m"absolute inset-0 bg-[radial-gradient(circle_at_bottom_left,rgba(52,211,153,0.05),transparent_40%)] pointer-events-none"[31m
      [36m/>[31m
      [36m<div[31m
        [33mclass[31m=[32m"absolute top-0 right-0 w-[30%] h-full bg-linear-to-l from-slate-200/20 to-transparent pointer-events-none transform -skew-x-12 translate-x-1/4"[31m
      [36m/>[31m
      [36m<div[31m
        [33mclass[31m=[32m"mb-6 sm:mb-10 cursor-pointer transition-transform hover:scale-105 active:scale-95"[31m
      [36m>[31m
        [36m<img[31m
          [33malt[31m=[32m"Quizmon Logo"[31m
          [33mclass[31m=[32m"h-10 sm:h-16 w-auto object-contain drop-shadow-sm"[31m
          [33msrc[31m=[32m"/quizmon.png"[31m
        [36m/>[31m
      [36m</div>[31m
      [36m<div[31m
        [33mclass[31m=[32m"w-full max-w-md bg-white rounded-3xl sm:rounded-4xl p-6 sm:p-10 shadow-2xl shadow-slate-200/50 border border-slate-100 animate-in fade-in zoom-in-95 duration-500"[31m
      [36m>[31m
        [36m<div[31m
          [33mclass[31m=[32m"mb-6 sm:mb-8 text-center"[31m
        [36m>[31m
          [36m<h1[31m
            [33mclass[31m=[32m"text-xl sm:text-3xl font-black tracking-tight text-slate-800"[31m
          [36m>[31m
            [0mCh├áo mß╗½ng trß╗ƒ lß║íi![0m
          [36m</h1>[31m
          [36m<p[31m
            [33mclass[31m=[32m"text-sm sm:text-slate-500 font-bold mt-1 sm:mt-2"[31m
          [36m>[31m
            [0m─É─âng nhß║¡p ─æß╗â tiß║┐p tß╗Ñc hß╗ìc tß║¡p.[0m
          [36m</p>[31m
        [36m</div>[31m
        [36m<form[31m
          [33mclass[31m=[32m"space-y-6"[31m
        [36m>[31m
          [36m<div[31m
            [33mclass[31m=[32m"space-y-4"[31m
          [36m>[31m
            [36m<div[31m
              [33mclass[31m=[32m"space-y-1 sm:space-y-2"[31m
            [36m>[31m
              [36m<label[31m
                [33mclass[31m=[32m"text-[10px] sm:text-xs font-black uppercase tracking-widest text-slate-400 px-1"[31m
              [36m>[31m
                [0mEmail / T├ái khoß║ún[0m
              [36m</label>[31m
              [36m<div[31m
                [33mclass[31m=[32m"relative group"[31m
              [36m>[31m
                [36m<svg[31m
                  [33mclass[31m=[32m"lucide lucide-mail absolute left-4 top-1/2 -translate-y-1/2 size-4 sm:size-5 text-slate-300 group-focus-within:text-primary transition-colors"[31m
                  [33mfill[31m=[32m"none"[31m
                  [33mheight[31m=[32m"24"[31m
                  [33mstroke[31m=[32m"currentColor"[31m
                  [33mstroke-linecap[31m=[32m"round"[31m
                  [33mstroke-linejoin[31m=[32m"round"[31m
                  [33mstroke-width[31m=[32m"2"[31m
                  [33mviewBox[31m=[32m"0 0 24 24"[31m
                  [33mwidth[31m=[32m"24"[31m
                  [33mxmlns[31m=[32m"http://www.w3.org/2000/svg"[31m
                [36m>[31m
                  [36m<rect[31m
                    [33mheight[31m=[32m"16"[31m
                    [33mrx[31m=[32m"2"[31m
                    [33mwidth[31m=[32m"20"[31m
                    [33mx[31m=[32m"2"[31m
                    [33my[31m=[32m"4"[31m
                  [36m/>[31m
                  [36m<path[31m
                    [33md[31m=[32m"m22 7-8.97 5.7a1.94 1.94 0 0 1-2.06 0L2 7"[31m
                  [36m/>[31m
                [36m</svg>[31m
                [36m<input[31m
                  [33mclass[31m=[32m"w-full bg-slate-50 border-2 border-slate-50 py-3 sm:py-4 pl-10 sm:pl-12 pr-4 rounded-xl sm:rounded-2xl text-base sm:text-lg font-bold text-slate-700 placeholder:text-slate-300 focus:outline-none focus:border-primary/20 focus:bg-white transition-all shadow-sm"[31m
                  [33mrequired[31m=[32m""[31m
                  [33mtype[31m=[32m"text"[31m
                  [33mvalue[31m=[32m""[31m
                [36m/>[31m
              [36m</div>[31m
            [36m</div>[31m
            [36m<div[31m
              [33mclass[31m=[32m"space-y-1 sm:space-y-2"[31m
            [36m>[31m
              [36m<div[31m
                [33mclass[31m=[32m"flex items-center justify-between px-1"[31m
              [36m>[31m
                [36m<label[31m
                  [33mclass[31m=[32m"text-[10px] sm:text-xs font-black uppercase tracking-widest text-slate-400"[31m
                [36m>[31m
                  [0mMß║¡t khß║⌐u[0m
                [36m</label>[31m
                [36m<a[31m
                  [33mclass[31m=[32m"text-[10px] sm:text-xs font-black text-primary hover:underline"[31m
                  [33mhref[31m=[32m"#"[31m
                [36m>[31m
                  [0mQu├¬n mß║¡t khß║⌐u?[0m
                [36m</a>[31m
              [36m</div>[31m
              [36m<div[31m
                [33mclass[31m=[32m"relative group"[31m
              [36m>[31m
                [36m<svg[31m
                  [33mclass[31m=[32m"lucide lucide-lock absolute left-4 top-1/2 -translate-y-1/2 size-4 sm:size-5 text-slate-300 group-focus-within:text-primary transition-colors"[31m
                  [33mfill[31m=[32m"none"[31m
                  [33mheight[31m=[32m"24"[31m
                  [33mstroke[31m=[32m"currentColor"[31m
                  [33mstroke-linecap[31m=[32m"round"[31m
                  [33mstroke-linejoin[31m=[32m"round"[31m
                  [33mstroke-width[31m=[32m"2"[31m
                  [33mviewBox[31m=[32m"0 0 24 24"[31m
                  [33mwidth[31m=[32m"24"[31m
                  [33mxmlns[31m=[32m"http://www.w3.org/2000/svg"[31m
                [36m>[31m
                  [36m<rect[31m
                    [33mheight[31m=[32m"11"[31m
                    [33mrx[31m=[32m"2"[31m
                    [33mry[31m=[32m"2"[31m
                    [33mwidth[31m=[32m"18"[31m
                    [33mx[31m=[32m"3"[31m
                    [33my[31m=[32m"11"[31m
                  [36m/>[31m
                  [36m<path[31m
                    [33md[31m=[32m"M7 11V7a5 5 0 0 1 10 0v4"[31m
                  [36m/>[31m
                [36m</svg>[31m
                [36m<input[31m
                  [33mclass[31m=[32m"w-full bg-slate-50 border-2 border-slate-50 py-3 sm:py-4 pl-10 sm:pl-12 pr-4 rounded-xl sm:rounded-2xl text-base sm:text-lg font-bold text-slate-700 placeholder:text-slate-300 focus:outline-none focus:border-primary/20 focus:bg-white transition-all shadow-sm"[31m
                  [33mplaceholder[31m=[32m"ΓÇóΓÇóΓÇóΓÇóΓÇóΓÇóΓÇóΓÇó"[31m
                  [33mrequired[31m=[32m""[31m
                  [33mtype[31m=[32m"password"[31m
                  [33mvalue[31m=[32m""[31m
                [36m/>[31m
              [36m</div>[31m
            [36m</div>[31m
          [36m</div>[31m
          [36m<button[31m
            [33mclass[31m=[32m"inline-flex items-center justify-center gap-2 whitespace-nowrap disabled:pointer-events-none disabled:opacity-50 [&_svg]:pointer-events-none [&_svg:not([class*='size-'])]:size-5 shrink-0 [&_svg]:shrink-0 outline-none focus-visible:ring-2 focus-visible:ring-primary/50 select-none active:translate-y-1 active:shadow-none border-[3px] bg-primary text-primary-foreground border-black/10 hover:bg-primary/90 hover:-translate-y-0.5 hover:shadow-[0_5px_0_0_rgba(0,0,0,0.2)] h-11 px-6 has-[>svg]:px-4 w-full py-5 sm:py-7 rounded-xl sm:rounded-2xl text-base sm:text-xl font-black shadow-lg shadow-primary/20 hover:shadow-primary/30 active:scale-[0.98] transition-all"[31m
            [33mdata-slot[31m=[32m"button"[31m
            [33mtype[31m=[32m"submit"[31m
          [36m>[31m
            [0m─É─âng nhß║¡p ngay![0m
            [36m<svg[31m
              [33mclass[31m=[32m"lucide lucide-arrow-right ml-2 size-5 sm:size-6"[31m
              [33mfill[31m=[32m"none"[31m
              [33mheight[31m=[32m"24"[31m
              [33mstroke[31m=[32m"currentColor"[31m
              [33mstroke-linecap[31m=[32m"round"[31m
              [33mstroke-linejoin[31m=[32m"round"[31m
              [33mstroke-width[31m=[32m"2"[31m
              [33mviewBox[31m=[32m"0 0 24 24"[31m
              [33mwidth[31m=[32m"24"[31m
              [33mxmlns[31m=[32m"http://www.w3.org/2000/svg"[31m
            [36m>[31m
              [36m<path[31m
                [33md[31m=[32m"M5 12h14"[31m
              [36m/>[31m
              [36m<path[31m
                [33md[31m=[32m"m12 5 7 7-7 7"[31m
              [36m/>[31m
            [36m</svg>[31m
          [36m</button>[31m
          [36m<div[31m
            [33mclass[31m=[32m"relative py-4"[31m
          [36m>[31m
            [36m<div[31m
              [33mclass[31m=[32m"absolute inset-0 flex items-center"[31m
            [36m>[31m
              [36m<span[31m
                [33mclass[31m=[32m"w-full border-t border-slate-100"[31m
              [36m/>[31m
            [36m</div>[31m
            [36m<div[31m
              [33mclass[31m=[32m"relative flex justify-center text-xs uppercase"[31m
            [36m>[31m
              [36m<span[31m
                [33mclass[31m=[32m"bg-white px-4 font-black text-slate-300 tracking-widest"[31m
              [36m>[31m
                [0mhoß║╖c[0m
              [36m</span>[31m
            [36m</div>[31m
          [36m</div>[31m
          [36m<button[31m
            [33mclass[31m=[32m"inline-flex items-center justify-center whitespace-nowrap disabled:pointer-events-none disabled:opacity-50 [&_svg]:pointer-events-none [&_svg:not([class*='size-'])]:size-5 shrink-0 [&_svg]:shrink-0 outline-none focus-visible:ring-2 focus-visible:ring-primary/50 select-none active:translate-y-1 active:shadow-none border-[3px] shadow-[0_4px_0_0_#e5e7eb] hover:-translate-y-0.5 hover:shadow-[0_5px_0_0_#e5e7eb] h-11 px-6 has-[>svg]:px-4 w-full py-5 sm:py-7 rounded-xl sm:rounded-2xl font-black text-sm sm:text-lg border-slate-100 bg-slate-50/50 hover:bg-slate-50 hover:border-slate-200 transition-all gap-3 text-slate-600"[31m
            [33mdata-slot[31m=[32m"button"[31m
            [33mtype[31m=[32m"button"[31m
          [36m>[31m
            [36m<img[31m
              [33malt[31m=[32m"Google"[31m
              [33mclass[31m=[32m"size-5 sm:size-6"[31m
              [33msrc[31m=[32m"https://www.svgrepo.com/show/475656/google-color.svg"[31m
            [36m/>[31m
            [0mTiß║┐p tß╗Ñc vß╗¢i Google[0m
          [36m</button>[31m
        [36m</form>[31m
        [36m<div[31m
          [33mclass[31m=[32m"mt-10 text-center text-sm font-bold text-slate-400"[31m
        [36m>[31m
          [0mCh╞░a c├│ t├ái khoß║ún?[0m
          [0m [0m
          [36m<span[31m
            [33mclass[31m=[32m"text-primary cursor-pointer hover:underline"[31m
          [36m>[31m
            [0m─É─âng k├╜ ngay[0m
          [36m</span>[31m
        [36m</div>[31m
      [36m</div>[31m
      [36m<div[31m
        [33mclass[31m=[32m"mt-8 text-slate-300 text-xs font-bold tracking-widest uppercase"[31m
      [36m>[31m
        [0m┬⌐ 2026 Quizmon Team[0m
      [36m</div>[31m
    [36m</div>[31m
  [36m</div>[31m
[36m</body>[31m[39m
 [32mΓ£ô[39m src/__tests__/ui/checkbox.test.tsx[2m > [22mCheckbox component[2m > [22mrenders correctly[33m 640[2mms[22m[39m
 [31m├ù[39m src/__tests__/auth/LoginForm.test.tsx[2m > [22mLoginForm Component[2m > [22mshows error message if login fails[32m 42[2mms[22m[39m
[31m   ΓåÆ Unable to find an element with the placeholder text of: Username or email

Ignored nodes: comments, script, style
[36m<body>[31m
  [36m<div>[31m
    [36m<div[31m
      [33mclass[31m=[32m"min-h-screen w-full flex flex-col items-center justify-center bg-[#f8fafc] p-4 sm:p-6 relative overflow-hidden"[31m
    [36m>[31m
      [36m<div[31m
        [33mclass[31m=[32m"absolute top-4 left-4 sm:top-8 sm:left-8 z-20"[31m
      [36m>[31m
        [36m<button[31m
          [33mclass[31m=[32m"justify-center whitespace-nowrap rounded-full text-base disabled:pointer-events-none disabled:opacity-50 [&_svg]:pointer-events-none [&_svg:not([class*='size-'])]:size-5 shrink-0 [&_svg]:shrink-0 outline-none focus-visible:ring-2 focus-visible:ring-primary/50 select-none border-[3px] border-transparent hover:bg-accent active:translate-y-0 active:shadow-none hover:-translate-y-0 h-11 px-6 py-2 has-[>svg]:px-4 group flex items-center gap-2 font-black text-slate-400 hover:text-primary transition-colors"[31m
          [33mdata-slot[31m=[32m"button"[31m
        [36m>[31m
          [36m<svg[31m
            [33mclass[31m=[32m"lucide lucide-arrow-left size-5 group-hover:-translate-x-1 transition-transform"[31m
            [33mfill[31m=[32m"none"[31m
            [33mheight[31m=[32m"24"[31m
            [33mstroke[31m=[32m"currentColor"[31m
            [33mstroke-linecap[31m=[32m"round"[31m
            [33mstroke-linejoin[31m=[32m"round"[31m
            [33mstroke-width[31m=[32m"2"[31m
            [33mviewBox[31m=[32m"0 0 24 24"[31m
            [33mwidth[31m=[32m"24"[31m
            [33mxmlns[31m=[32m"http://www.w3.org/2000/svg"[31m
          [36m>[31m
            [36m<path[31m
              [33md[31m=[32m"m12 19-7-7 7-7"[31m
            [36m/>[31m
            [36m<path[31m
              [33md[31m=[32m"M19 12H5"[31m
            [36m/>[31m
          [36m</svg>[31m
          [36m<span[31m
            [33mclass[31m=[32m"hidden sm:inline"[31m
          [36m>[31m
            [0mTrß╗ƒ vß╗ü trang chß╗º[0m
          [36m</span>[31m
        [36m</button>[31m
      [36m</div>[31m
      [36m<div[31m
        [33mclass[31m=[32m"absolute -bottom-24 -right-24 size-[600px] bg-emerald-400/10 rounded-full blur-[120px] pointer-events-none animate-pulse"[31m
        [33mstyle[31m=[32m"animation-duration: 8s;"[31m
      [36m/>[31m
      [36m<div[31m
        [33mclass[31m=[32m"absolute -top-24 -left-24 size-[600px] bg-blue-400/10 rounded-full blur-[120px] pointer-events-none animate-pulse"[31m
        [33mstyle[31m=[32m"animation-duration: 10s;"[31m
      [36m/>[31m
      [36m<div[31m
        [33mclass[31m=[32m"absolute inset-0 bg-[radial-gradient(circle_at_bottom_left,rgba(52,211,153,0.05),transparent_40%)] pointer-events-none"[31m
      [36m/>[31m
      [36m<div[31m
        [33mclass[31m=[32m"absolute top-0 right-0 w-[30%] h-full bg-linear-to-l from-slate-200/20 to-transparent pointer-events-none transform -skew-x-12 translate-x-1/4"[31m
      [36m/>[31m
      [36m<div[31m
        [33mclass[31m=[32m"mb-6 sm:mb-10 cursor-pointer transition-transform hover:scale-105 active:scale-95"[31m
      [36m>[31m
        [36m<img[31m
          [33malt[31m=[32m"Quizmon Logo"[31m
          [33mclass[31m=[32m"h-10 sm:h-16 w-auto object-contain drop-shadow-sm"[31m
          [33msrc[31m=[32m"/quizmon.png"[31m
        [36m/>[31m
      [36m</div>[31m
      [36m<div[31m
        [33mclass[31m=[32m"w-full max-w-md bg-white rounded-3xl sm:rounded-4xl p-6 sm:p-10 shadow-2xl shadow-slate-200/50 border border-slate-100 animate-in fade-in zoom-in-95 duration-500"[31m
      [36m>[31m
        [36m<div[31m
          [33mclass[31m=[32m"mb-6 sm:mb-8 text-center"[31m
        [36m>[31m
          [36m<h1[31m
            [33mclass[31m=[32m"text-xl sm:text-3xl font-black tracking-tight text-slate-800"[31m
          [36m>[31m
            [0mCh├áo mß╗½ng trß╗ƒ lß║íi![0m
          [36m</h1>[31m
          [36m<p[31m
            [33mclass[31m=[32m"text-sm sm:text-slate-500 font-bold mt-1 sm:mt-2"[31m
          [36m>[31m
            [0m─É─âng nhß║¡p ─æß╗â tiß║┐p tß╗Ñc hß╗ìc tß║¡p.[0m
          [36m</p>[31m
        [36m</div>[31m
        [36m<form[31m
          [33mclass[31m=[32m"space-y-6"[31m
        [36m>[31m
          [36m<div[31m
            [33mclass[31m=[32m"space-y-4"[31m
          [36m>[31m
            [36m<div[31m
              [33mclass[31m=[32m"space-y-1 sm:space-y-2"[31m
            [36m>[31m
              [36m<label[31m
                [33mclass[31m=[32m"text-[10px] sm:text-xs font-black uppercase tracking-widest text-slate-400 px-1"[31m
              [36m>[31m
                [0mEmail / T├ái khoß║ún[0m
              [36m</label>[31m
              [36m<div[31m
                [33mclass[31m=[32m"relative group"[31m
              [36m>[31m
                [36m<svg[31m
                  [33mclass[31m=[32m"lucide lucide-mail absolute left-4 top-1/2 -translate-y-1/2 size-4 sm:size-5 text-slate-300 group-focus-within:text-primary transition-colors"[31m
                  [33mfill[31m=[32m"none"[31m
                  [33mheight[31m=[32m"24"[31m
                  [33mstroke[31m=[32m"currentColor"[31m
                  [33mstroke-linecap[31m=[32m"round"[31m
                  [33mstroke-linejoin[31m=[32m"round"[31m
                  [33mstroke-width[31m=[32m"2"[31m
                  [33mviewBox[31m=[32m"0 0 24 24"[31m
                  [33mwidth[31m=[32m"24"[31m
                  [33mxmlns[31m=[32m"http://www.w3.org/2000/svg"[31m
                [36m>[31m
                  [36m<rect[31m
                    [33mheight[31m=[32m"16"[31m
                    [33mrx[31m=[32m"2"[31m
                    [33mwidth[31m=[32m"20"[31m
                    [33mx[31m=[32m"2"[31m
                    [33my[31m=[32m"4"[31m
                  [36m/>[31m
                  [36m<path[31m
                    [33md[31m=[32m"m22 7-8.97 5.7a1.94 1.94 0 0 1-2.06 0L2 7"[31m
                  [36m/>[31m
                [36m</svg>[31m
                [36m<input[31m
                  [33mclass[31m=[32m"w-full bg-slate-50 border-2 border-slate-50 py-3 sm:py-4 pl-10 sm:pl-12 pr-4 rounded-xl sm:rounded-2xl text-base sm:text-lg font-bold text-slate-700 placeholder:text-slate-300 focus:outline-none focus:border-primary/20 focus:bg-white transition-all shadow-sm"[31m
                  [33mrequired[31m=[32m""[31m
                  [33mtype[31m=[32m"text"[31m
                  [33mvalue[31m=[32m""[31m
                [36m/>[31m
              [36m</div>[31m
            [36m</div>[31m
            [36m<div[31m
              [33mclass[31m=[32m"space-y-1 sm:space-y-2"[31m
            [36m>[31m
              [36m<div[31m
                [33mclass[31m=[32m"flex items-center justify-between px-1"[31m
              [36m>[31m
                [36m<label[31m
                  [33mclass[31m=[32m"text-[10px] sm:text-xs font-black uppercase tracking-widest text-slate-400"[31m
                [36m>[31m
                  [0mMß║¡t khß║⌐u[0m
                [36m</label>[31m
                [36m<a[31m
                  [33mclass[31m=[32m"text-[10px] sm:text-xs font-black text-primary hover:underline"[31m
                  [33mhref[31m=[32m"#"[31m
                [36m>[31m
                  [0mQu├¬n mß║¡t khß║⌐u?[0m
                [36m</a>[31m
              [36m</div>[31m
              [36m<div[31m
                [33mclass[31m=[32m"relative group"[31m
              [36m>[31m
                [36m<svg[31m
                  [33mclass[31m=[32m"lucide lucide-lock absolute left-4 top-1/2 -translate-y-1/2 size-4 sm:size-5 text-slate-300 group-focus-within:text-primary transition-colors"[31m
                  [33mfill[31m=[32m"none"[31m
                  [33mheight[31m=[32m"24"[31m
                  [33mstroke[31m=[32m"currentColor"[31m
                  [33mstroke-linecap[31m=[32m"round"[31m
                  [33mstroke-linejoin[31m=[32m"round"[31m
                  [33mstroke-width[31m=[32m"2"[31m
                  [33mviewBox[31m=[32m"0 0 24 24"[31m
                  [33mwidth[31m=[32m"24"[31m
                  [33mxmlns[31m=[32m"http://www.w3.org/2000/svg"[31m
                [36m>[31m
                  [36m<rect[31m
                    [33mheight[31m=[32m"11"[31m
                    [33mrx[31m=[32m"2"[31m
                    [33mry[31m=[32m"2"[31m
                    [33mwidth[31m=[32m"18"[31m
                    [33mx[31m=[32m"3"[31m
                    [33my[31m=[32m"11"[31m
                  [36m/>[31m
                  [36m<path[31m
                    [33md[31m=[32m"M7 11V7a5 5 0 0 1 10 0v4"[31m
                  [36m/>[31m
                [36m</svg>[31m
                [36m<input[31m
                  [33mclass[31m=[32m"w-full bg-slate-50 border-2 border-slate-50 py-3 sm:py-4 pl-10 sm:pl-12 pr-4 rounded-xl sm:rounded-2xl text-base sm:text-lg font-bold text-slate-700 placeholder:text-slate-300 focus:outline-none focus:border-primary/20 focus:bg-white transition-all shadow-sm"[31m
                  [33mplaceholder[31m=[32m"ΓÇóΓÇóΓÇóΓÇóΓÇóΓÇóΓÇóΓÇó"[31m
                  [33mrequired[31m=[32m""[31m
                  [33mtype[31m=[32m"password"[31m
                  [33mvalue[31m=[32m""[31m
                [36m/>[31m
              [36m</div>[31m
            [36m</div>[31m
          [36m</div>[31m
          [36m<button[31m
            [33mclass[31m=[32m"inline-flex items-center justify-center gap-2 whitespace-nowrap disabled:pointer-events-none disabled:opacity-50 [&_svg]:pointer-events-none [&_svg:not([class*='size-'])]:size-5 shrink-0 [&_svg]:shrink-0 outline-none focus-visible:ring-2 focus-visible:ring-primary/50 select-none active:translate-y-1 active:shadow-none border-[3px] bg-primary text-primary-foreground border-black/10 hover:bg-primary/90 hover:-translate-y-0.5 hover:shadow-[0_5px_0_0_rgba(0,0,0,0.2)] h-11 px-6 has-[>svg]:px-4 w-full py-5 sm:py-7 rounded-xl sm:rounded-2xl text-base sm:text-xl font-black shadow-lg shadow-primary/20 hover:shadow-primary/30 active:scale-[0.98] transition-all"[31m
            [33mdata-slot[31m=[32m"button"[31m
            [33mtype[31m=[32m"submit"[31m
          [36m>[31m
            [0m─É─âng nhß║¡p ngay![0m
            [36m<svg[31m
              [33mclass[31m=[32m"lucide lucide-arrow-right ml-2 size-5 sm:size-6"[31m
              [33mfill[31m=[32m"none"[31m
              [33mheight[31m=[32m"24"[31m
              [33mstroke[31m=[32m"currentColor"[31m
              [33mstroke-linecap[31m=[32m"round"[31m
              [33mstroke-linejoin[31m=[32m"round"[31m
              [33mstroke-width[31m=[32m"2"[31m
              [33mviewBox[31m=[32m"0 0 24 24"[31m
              [33mwidth[31m=[32m"24"[31m
              [33mxmlns[31m=[32m"http://www.w3.org/2000/svg"[31m
            [36m>[31m
              [36m<path[31m
                [33md[31m=[32m"M5 12h14"[31m
              [36m/>[31m
              [36m<path[31m
                [33md[31m=[32m"m12 5 7 7-7 7"[31m
              [36m/>[31m
            [36m</svg>[31m
          [36m</button>[31m
          [36m<div[31m
            [33mclass[31m=[32m"relative py-4"[31m
          [36m>[31m
            [36m<div[31m
              [33mclass[31m=[32m"absolute inset-0 flex items-center"[31m
            [36m>[31m
              [36m<span[31m
                [33mclass[31m=[32m"w-full border-t border-slate-100"[31m
              [36m/>[31m
            [36m</div>[31m
            [36m<div[31m
              [33mclass[31m=[32m"relative flex justify-center text-xs uppercase"[31m
            [36m>[31m
              [36m<span[31m
                [33mclass[31m=[32m"bg-white px-4 font-black text-slate-300 tracking-widest"[31m
              [36m>[31m
                [0mhoß║╖c[0m
              [36m</span>[31m
            [36m</div>[31m
          [36m</div>[31m
          [36m<button[31m
            [33mclass[31m=[32m"inline-flex items-center justify-center whitespace-nowrap disabled:pointer-events-none disabled:opacity-50 [&_svg]:pointer-events-none [&_svg:not([class*='size-'])]:size-5 shrink-0 [&_svg]:shrink-0 outline-none focus-visible:ring-2 focus-visible:ring-primary/50 select-none active:translate-y-1 active:shadow-none border-[3px] shadow-[0_4px_0_0_#e5e7eb] hover:-translate-y-0.5 hover:shadow-[0_5px_0_0_#e5e7eb] h-11 px-6 has-[>svg]:px-4 w-full py-5 sm:py-7 rounded-xl sm:rounded-2xl font-black text-sm sm:text-lg border-slate-100 bg-slate-50/50 hover:bg-slate-50 hover:border-slate-200 transition-all gap-3 text-slate-600"[31m
            [33mdata-slot[31m=[32m"button"[31m
            [33mtype[31m=[32m"button"[31m
          [36m>[31m
            [36m<img[31m
              [33malt[31m=[32m"Google"[31m
              [33mclass[31m=[32m"size-5 sm:size-6"[31m
              [33msrc[31m=[32m"https://www.svgrepo.com/show/475656/google-color.svg"[31m
            [36m/>[31m
            [0mTiß║┐p tß╗Ñc vß╗¢i Google[0m
          [36m</button>[31m
        [36m</form>[31m
        [36m<div[31m
          [33mclass[31m=[32m"mt-10 text-center text-sm font-bold text-slate-400"[31m
        [36m>[31m
          [0mCh╞░a c├│ t├ái khoß║ún?[0m
          [0m [0m
          [36m<span[31m
            [33mclass[31m=[32m"text-primary cursor-pointer hover:underline"[31m
          [36m>[31m
            [0m─É─âng k├╜ ngay[0m
          [36m</span>[31m
        [36m</div>[31m
      [36m</div>[31m
      [36m<div[31m
        [33mclass[31m=[32m"mt-8 text-slate-300 text-xs font-bold tracking-widest uppercase"[31m
      [36m>[31m
        [0m┬⌐ 2026 Quizmon Team[0m
      [36m</div>[31m
    [36m</div>[31m
  [36m</div>[31m
[36m</body>[31m[39m
 [32mΓ£ô[39m src/__tests__/auth/LoginForm.test.tsx[2m > [22mLoginForm Component[2m > [22mhandles Google login redirect logic (URL params)[32m 59[2mms[22m[39m
 [32mΓ£ô[39m src/__tests__/ui/checkbox.test.tsx[2m > [22mCheckbox component[2m > [22mtoggles state on click[32m 167[2mms[22m[39m
 [32mΓ£ô[39m src/__tests__/ui/checkbox.test.tsx[2m > [22mCheckbox component[2m > [22mcan be disabled[32m 49[2mms[22m[39m
 [32mΓ£ô[39m src/__tests__/ui/checkbox.test.tsx[2m > [22mCheckbox component[2m > [22mapplies custom className[32m 61[2mms[22m[39m
node.exe : [90mstderr[2m | src/__tests__/ui/dialog.test.tsx[2m > [22m[2mDialog component[2m > [22m[2mcloses 
dialog on close button click
At line:1 char:1
+ & "C:\Program Files\nodejs/node.exe" "C:\Users\ASUS\AppData\Roaming\n ...
+ ~~~~~~~~~~~~~~~~~~~~~~~~~~~~~~~~~~~~~~~~~~~~~~~~~~~~~~~~~~~~~~~~~~~~~
    + CategoryInfo          : NotSpecified: ([90mstderr[2m...se button click:String) [], RemoteException
    + FullyQualifiedErrorId : NativeCommandError
 
[22m[39mWarning: Missing `Description` or `aria-describedby={undefined}` for {DialogContent}.

 [32mΓ£ô[39m src/__tests__/ui/dialog.test.tsx[2m > [22mDialog component[2m > [22mopens dialog on trigger click[33m 752[2mms[22m[39m
 [32mΓ£ô[39m src/__tests__/ui/select.test.tsx[2m > [22mSelect component[2m > [22mrenders trigger and shows value[32m 243[2mms[22m[39m
 [32mΓ£ô[39m src/__tests__/ui/dialog.test.tsx[2m > [22mDialog component[2m > [22mcloses dialog on close button click[33m 327[2mms[22m[39m
 [32mΓ£ô[39m src/__tests__/ui/select.test.tsx[2m > [22mSelect component[2m > [22mopens menu on click[33m 654[2mms[22m[39m
 [32mΓ£ô[39m src/__tests__/auth/LoginForm.test.tsx[2m > [22mLoginForm Component[2m > [22mshows error from URL param if present[32m 55[2mms[22m[39m
 [31m├ù[39m src/__tests__/auth/LoginForm.test.tsx[2m > [22mLoginForm Component[2m > [22mnavigates to signup page[33m 897[2mms[22m[39m
[31m   ΓåÆ Unable to find an accessible element with the role "button" and name `/sign up/i`

Here are the accessible roles:

  button:

  Name "Trß╗ƒ vß╗ü trang chß╗º":
  [36m<button[31m
    [33mclass[31m=[32m"justify-center whitespace-nowrap rounded-full text-base disabled:pointer-events-none disabled:opacity-50 [&_svg]:pointer-events-none [&_svg:not([class*='size-'])]:size-5 shrink-0 [&_svg]:shrink-0 outline-none focus-visible:ring-2 focus-visible:ring-primary/50 select-none border-[3px] border-transparent hover:bg-accent active:translate-y-0 active:shadow-none hover:-translate-y-0 h-11 px-6 py-2 has-[>svg]:px-4 group flex items-center gap-2 font-black text-slate-400 hover:text-primary transition-colors"[31m
    [33mdata-slot[31m=[32m"button"[31m
  [36m/>[31m

  Name "─É─âng nhß║¡p ngay!":
  [36m<button[31m
    [33mclass[31m=[32m"inline-flex items-center justify-center gap-2 whitespace-nowrap disabled:pointer-events-none disabled:opacity-50 [&_svg]:pointer-events-none [&_svg:not([class*='size-'])]:size-5 shrink-0 [&_svg]:shrink-0 outline-none focus-visible:ring-2 focus-visible:ring-primary/50 select-none active:translate-y-1 active:shadow-none border-[3px] bg-primary text-primary-foreground border-black/10 hover:bg-primary/90 hover:-translate-y-0.5 hover:shadow-[0_5px_0_0_rgba(0,0,0,0.2)] h-11 px-6 has-[>svg]:px-4 w-full py-5 sm:py-7 rounded-xl sm:rounded-2xl text-base sm:text-xl font-black shadow-lg shadow-primary/20 hover:shadow-primary/30 active:scale-[0.98] transition-all"[31m
    [33mdata-slot[31m=[32m"button"[31m
    [33mtype[31m=[32m"submit"[31m
  [36m/>[31m

  Name "GoogleTiß║┐p tß╗Ñc vß╗¢i Google":
  [36m<button[31m
    [33mclass[31m=[32m"inline-flex items-center justify-center whitespace-nowrap disabled:pointer-events-none disabled:opacity-50 [&_svg]:pointer-events-none [&_svg:not([class*='size-'])]:size-5 shrink-0 [&_svg]:shrink-0 outline-none focus-visible:ring-2 focus-visible:ring-primary/50 select-none active:translate-y-1 active:shadow-none border-[3px] shadow-[0_4px_0_0_#e5e7eb] hover:-translate-y-0.5 hover:shadow-[0_5px_0_0_#e5e7eb] h-11 px-6 has-[>svg]:px-4 w-full py-5 sm:py-7 rounded-xl sm:rounded-2xl font-black text-sm sm:text-lg border-slate-100 bg-slate-50/50 hover:bg-slate-50 hover:border-slate-200 transition-all gap-3 text-slate-600"[31m
    [33mdata-slot[31m=[32m"button"[31m
    [33mtype[31m=[32m"button"[31m
  [36m/>[31m

  --------------------------------------------------
  img:

  Name "Quizmon Logo":
  [36m<img[31m
    [33malt[31m=[32m"Quizmon Logo"[31m
    [33mclass[31m=[32m"h-10 sm:h-16 w-auto object-contain drop-shadow-sm"[31m
    [33msrc[31m=[32m"/quizmon.png"[31m
  [36m/>[31m

  Name "Google":
  [36m<img[31m
    [33malt[31m=[32m"Google"[31m
    [33mclass[31m=[32m"size-5 sm:size-6"[31m
    [33msrc[31m=[32m"https://www.svgrepo.com/show/475656/google-color.svg"[31m
  [36m/>[31m

  --------------------------------------------------
  heading:

  Name "Ch├áo mß╗½ng trß╗ƒ lß║íi!":
  [36m<h1[31m
    [33mclass[31m=[32m"text-xl sm:text-3xl font-black tracking-tight text-slate-800"[31m
  [36m/>[31m

  --------------------------------------------------
  paragraph:

  Name "":
  [36m<p[31m
    [33mclass[31m=[32m"text-sm sm:text-slate-500 font-bold mt-1 sm:mt-2"[31m
  [36m/>[31m

  --------------------------------------------------
  textbox:

  Name "":
  [36m<input[31m
    [33mclass[31m=[32m"w-full bg-slate-50 border-2 border-slate-50 py-3 sm:py-4 pl-10 sm:pl-12 pr-4 rounded-xl sm:rounded-2xl text-base sm:text-lg font-bold text-slate-700 placeholder:text-slate-300 focus:outline-none focus:border-primary/20 focus:bg-white transition-all shadow-sm"[31m
    [33mrequired[31m=[32m""[31m
    [33mtype[31m=[32m"text"[31m
    [33mvalue[31m=[32m""[31m
  [36m/>[31m

  --------------------------------------------------
  link:

  Name "Qu├¬n mß║¡t khß║⌐u?":
  [36m<a[31m
    [33mclass[31m=[32m"text-[10px] sm:text-xs font-black text-primary hover:underline"[31m
    [33mhref[31m=[32m"#"[31m
  [36m/>[31m

  --------------------------------------------------

Ignored nodes: comments, script, style
[36m<body>[31m
  [36m<div>[31m
    [36m<div[31m
      [33mclass[31m=[32m"min-h-screen w-full flex flex-col items-center justify-center bg-[#f8fafc] p-4 sm:p-6 relative overflow-hidden"[31m
    [36m>[31m
      [36m<div[31m
        [33mclass[31m=[32m"absolute top-4 left-4 sm:top-8 sm:left-8 z-20"[31m
      [36m>[31m
        [36m<button[31m
          [33mclass[31m=[32m"justify-center whitespace-nowrap rounded-full text-base disabled:pointer-events-none disabled:opacity-50 [&_svg]:pointer-events-none [&_svg:not([class*='size-'])]:size-5 shrink-0 [&_svg]:shrink-0 outline-none focus-visible:ring-2 focus-visible:ring-primary/50 select-none border-[3px] border-transparent hover:bg-accent active:translate-y-0 active:shadow-none hover:-translate-y-0 h-11 px-6 py-2 has-[>svg]:px-4 group flex items-center gap-2 font-black text-slate-400 hover:text-primary transition-colors"[31m
          [33mdata-slot[31m=[32m"button"[31m
        [36m>[31m
          [36m<svg[31m
            [33mclass[31m=[32m"lucide lucide-arrow-left size-5 group-hover:-translate-x-1 transition-transform"[31m
            [33mfill[31m=[32m"none"[31m
            [33mheight[31m=[32m"24"[31m
            [33mstroke[31m=[32m"currentColor"[31m
            [33mstroke-linecap[31m=[32m"round"[31m
            [33mstroke-linejoin[31m=[32m"round"[31m
            [33mstroke-width[31m=[32m"2"[31m
            [33mviewBox[31m=[32m"0 0 24 24"[31m
            [33mwidth[31m=[32m"24"[31m
            [33mxmlns[31m=[32m"http://www.w3.org/2000/svg"[31m
          [36m>[31m
            [36m<path[31m
              [33md[31m=[32m"m12 19-7-7 7-7"[31m
            [36m/>[31m
            [36m<path[31m
              [33md[31m=[32m"M19 12H5"[31m
            [36m/>[31m
          [36m</svg>[31m
          [36m<span[31m
            [33mclass[31m=[32m"hidden sm:inline"[31m
          [36m>[31m
            [0mTrß╗ƒ vß╗ü trang chß╗º[0m
          [36m</span>[31m
        [36m</button>[31m
      [36m</div>[31m
      [36m<div[31m
        [33mclass[31m=[32m"absolute -bottom-24 -right-24 size-[600px] bg-emerald-400/10 rounded-full blur-[120px] pointer-events-none animate-pulse"[31m
        [33mstyle[31m=[32m"animation-duration: 8s;"[31m
      [36m/>[31m
      [36m<div[31m
        [33mclass[31m=[32m"absolute -top-24 -left-24 size-[600px] bg-blue-400/10 rounded-full blur-[120px] pointer-events-none animate-pulse"[31m
        [33mstyle[31m=[32m"animation-duration: 10s;"[31m
      [36m/>[31m
      [36m<div[31m
        [33mclass[31m=[32m"absolute inset-0 bg-[radial-gradient(circle_at_bottom_left,rgba(52,211,153,0.05),transparent_40%)] pointer-events-none"[31m
      [36m/>[31m
      [36m<div[31m
        [33mclass[31m=[32m"absolute top-0 right-0 w-[30%] h-full bg-linear-to-l from-slate-200/20 to-transparent pointer-events-none transform -skew-x-12 translate-x-1/4"[31m
      [36m/>[31m
      [36m<div[31m
        [33mclass[31m=[32m"mb-6 sm:mb-10 cursor-pointer transition-transform hover:scale-105 active:scale-95"[31m
      [36m>[31m
        [36m<img[31m
          [33malt[31m=[32m"Quizmon Logo"[31m
          [33mclass[31m=[32m"h-10 sm:h-16 w-auto object-contain drop-shadow-sm"[31m
          [33msrc[31m=[32m"/quizmon.png"[31m
        [36m/>[31m
      [36m</div>[31m
      [36m<div[31m
        [33mclass[31m=[32m"w-full max-w-md bg-white rounded-3xl sm:rounded-4xl p-6 sm:p-10 shadow-2xl shadow-slate-200/50 border border-slate-100 animate-in fade-in zoom-in-95 duration-500"[31m
      [36m>[31m
        [36m<div[31m
          [33mclass[31m=[32m"mb-6 sm:mb-8 text-center"[31m
        [36m>[31m
          [36m<h1[31m
            [33mclass[31m=[32m"text-xl sm:text-3xl font-black tracking-tight text-slate-800"[31m
          [36m>[31m
            [0mCh├áo mß╗½ng trß╗ƒ lß║íi![0m
          [36m</h1>[31m
          [36m<p[31m
            [33mclass[31m=[32m"text-sm sm:text-slate-500 font-bold mt-1 sm:mt-2"[31m
          [36m>[31m
            [0m─É─âng nhß║¡p ─æß╗â tiß║┐p tß╗Ñc hß╗ìc tß║¡p.[0m
          [36m</p>[31m
        [36m</div>[31m
        [36m<form[31m
          [33mclass[31m=[32m"space-y-6"[31m
        [36m>[31m
          [36m<div[31m
            [33mclass[31m=[32m"space-y-4"[31m
          [36m>[31m
            [36m<div[31m
              [33mclass[31m=[32m"space-y-1 sm:space-y-2"[31m
            [36m>[31m
              [36m<label[31m
                [33mclass[31m=[32m"text-[10px] sm:text-xs font-black uppercase tracking-widest text-slate-400 px-1"[31m
              [36m>[31m
                [0mEmail / T├ái khoß║ún[0m
              [36m</label>[31m
              [36m<div[31m
                [33mclass[31m=[32m"relative group"[31m
              [36m>[31m
                [36m<svg[31m
                  [33mclass[31m=[32m"lucide lucide-mail absolute left-4 top-1/2 -translate-y-1/2 size-4 sm:size-5 text-slate-300 group-focus-within:text-primary transition-colors"[31m
                  [33mfill[31m=[32m"none"[31m
                  [33mheight[31m=[32m"24"[31m
                  [33mstroke[31m=[32m"currentColor"[31m
                  [33mstroke-linecap[31m=[32m"round"[31m
                  [33mstroke-linejoin[31m=[32m"round"[31m
                  [33mstroke-width[31m=[32m"2"[31m
                  [33mviewBox[31m=[32m"0 0 24 24"[31m
                  [33mwidth[31m=[32m"24"[31m
                  [33mxmlns[31m=[32m"http://www.w3.org/2000/svg"[31m
                [36m>[31m
                  [36m<rect[31m
                    [33mheight[31m=[32m"16"[31m
                    [33mrx[31m=[32m"2"[31m
                    [33mwidth[31m=[32m"20"[31m
                    [33mx[31m=[32m"2"[31m
                    [33my[31m=[32m"4"[31m
                  [36m/>[31m
                  [36m<path[31m
                    [33md[31m=[32m"m22 7-8.97 5.7a1.94 1.94 0 0 1-2.06 0L2 7"[31m
                  [36m/>[31m
                [36m</svg>[31m
                [36m<input[31m
                  [33mclass[31m=[32m"w-full bg-slate-50 border-2 border-slate-50 py-3 sm:py-4 pl-10 sm:pl-12 pr-4 rounded-xl sm:rounded-2xl text-base sm:text-lg font-bold text-slate-700 placeholder:text-slate-300 focus:outline-none focus:border-primary/20 focus:bg-white transition-all shadow-sm"[31m
                  [33mrequired[31m=[32m""[31m
                  [33mtype[31m=[32m"text"[31m
                  [33mvalue[31m=[32m""[31m
                [36m/>[31m
              [36m</div>[31m
            [36m</div>[31m
            [36m<div[31m
              [33mclass[31m=[32m"space-y-1 sm:space-y-2"[31m
            [36m>[31m
              [36m<div[31m
                [33mclass[31m=[32m"flex items-center justify-between px-1"[31m
              [36m>[31m
                [36m<label[31m
                  [33mclass[31m=[32m"text-[10px] sm:text-xs font-black uppercase tracking-widest text-slate-400"[31m
                [36m>[31m
                  [0mMß║¡t khß║⌐u[0m
                [36m</label>[31m
                [36m<a[31m
                  [33mclass[31m=[32m"text-[10px] sm:text-xs font-black text-primary hover:underline"[31m
                  [33mhref[31m=[32m"#"[31m
                [36m>[31m
                  [0mQu├¬n mß║¡t khß║⌐u?[0m
                [36m</a>[31m
              [36m</div>[31m
              [36m<div[31m
                [33mclass[31m=[32m"relative group"[31m
              [36m>[31m
                [36m<svg[31m
                  [33mclass[31m=[32m"lucide lucide-lock absolute left-4 top-1/2 -translate-y-1/2 size-4 sm:size-5 text-slate-300 group-focus-within:text-primary transition-colors"[31m
                  [33mfill[31m=[32m"none"[31m
                  [33mheight[31m=[32m"24"[31m
                  [33mstroke[31m=[32m"currentColor"[31m
                  [33mstroke-linecap[31m=[32m"round"[31m
                  [33mstroke-linejoin[31m=[32m"round"[31m
                  [33mstroke-width[31m=[32m"2"[31m
                  [33mviewBox[31m=[32m"0 0 24 24"[31m
                  [33mwidth[31m=[32m"24"[31m
                  [33mxmlns[31m=[32m"http://www.w3.org/2000/svg"[31m
                [36m>[31m
                  [36m<rect[31m
                    [33mheight[31m=[32m"11"[31m
                    [33mrx[31m=[32m"2"[31m
                    [33mry[31m=[32m"2"[31m
                    [33mwidth[31m=[32m"18"[31m
                    [33mx[31m=[32m"3"[31m
                    [33my[31m=[32m"11"[31m
                  [36m/>[31m
                  [36m<path[31m
                    [33md[31m=[32m"M7 11V7a5 5 0 0 1 10 0v4"[31m
                  [36m/>[31m
                [36m</svg>[31m
                [36m<input[31m
                  [33mclass[31m=[32m"w-full bg-slate-50 border-2 border-slate-50 py-3 sm:py-4 pl-10 sm:pl-12 pr-4 rounded-xl sm:rounded-2xl text-base sm:text-lg font-bold text-slate-700 placeholder:text-slate-300 focus:outline-none focus:border-primary/20 focus:bg-white transition-all shadow-sm"[31m
                  [33mplaceholder[31m=[32m"ΓÇóΓÇóΓÇóΓÇóΓÇóΓÇóΓÇóΓÇó"[31m
                  [33mrequired[31m=[32m""[31m
                  [33mtype[31m=[32m"password"[31m
                  [33mvalue[31m=[32m""[31m
                [36m/>[31m
              [36m</div>[31m
            [36m</div>[31m
          [36m</div>[31m
          [36m<button[31m
            [33mclass[31m=[32m"inline-flex items-center justify-center gap-2 whitespace-nowrap disabled:pointer-events-none disabled:opacity-50 [&_svg]:pointer-events-none [&_svg:not([class*='size-'])]:size-5 shrink-0 [&_svg]:shrink-0 outline-none focus-visible:ring-2 focus-visible:ring-primary/50 select-none active:translate-y-1 active:shadow-none border-[3px] bg-primary text-primary-foreground border-black/10 hover:bg-primary/90 hover:-translate-y-0.5 hover:shadow-[0_5px_0_0_rgba(0,0,0,0.2)] h-11 px-6 has-[>svg]:px-4 w-full py-5 sm:py-7 rounded-xl sm:rounded-2xl text-base sm:text-xl font-black shadow-lg shadow-primary/20 hover:shadow-primary/30 active:scale-[0.98] transition-all"[31m
            [33mdata-slot[31m=[32m"button"[31m
            [33mtype[31m=[32m"submit"[31m
          [36m>[31m
            [0m─É─âng nhß║¡p ngay![0m
            [36m<svg[31m
              [33mclass[31m=[32m"lucide lucide-arrow-right ml-2 size-5 sm:size-6"[31m
              [33mfill[31m=[32m"none"[31m
              [33mheight[31m=[32m"24"[31m
              [33mstroke[31m=[32m"currentColor"[31m
              [33mstroke-linecap[31m=[32m"round"[31m
              [33mstroke-linejoin[31m=[32m"round"[31m
              [33mstroke-width[31m=[32m"2"[31m
              [33mviewBox[31m=[32m"0 0 24 24"[31m
              [33mwidth[31m=[32m"24"[31m
              [33mxmlns[31m=[32m"http://www.w3.org/2000/svg"[31m
            [36m>[31m
              [36m<path[31m
                [33md[31m=[32m"M5 12h14"[31m
              [36m/>[31m
              [36m<path[31m
                [33md[31m=[32m"m12 5 7 7-7 7"[31m
              [36m/>[31m
            [36m</svg>[31m
          [36m</button>[31m
          [36m<div[31m
            [33mclass[31m=[32m"relative py-4"[31m
          [36m>[31m
            [36m<div[31m
              [33mclass[31m=[32m"absolute inset-0 flex items-center"[31m
            [36m>[31m
              [36m<span[31m
                [33mclass[31m=[32m"w-full border-t border-slate-100"[31m
              [36m/>[31m
            [36m</div>[31m
            [36m<div[31m
              [33mclass[31m=[32m"relative flex justify-center text-xs uppercase"[31m
            [36m>[31m
              [36m<span[31m
                [33mclass[31m=[32m"bg-white px-4 font-black text-slate-300 tracking-widest"[31m
              [36m>[31m
                [0mhoß║╖c[0m
              [36m</span>[31m
            [36m</div>[31m
          [36m</div>[31m
          [36m<button[31m
            [33mclass[31m=[32m"inline-flex items-center justify-center whitespace-nowrap disabled:pointer-events-none disabled:opacity-50 [&_svg]:pointer-events-none [&_svg:not([class*='size-'])]:size-5 shrink-0 [&_svg]:shrink-0 outline-none focus-visible:ring-2 focus-visible:ring-primary/50 select-none active:translate-y-1 active:shadow-none border-[3px] shadow-[0_4px_0_0_#e5e7eb] hover:-translate-y-0.5 hover:shadow-[0_5px_0_0_#e5e7eb] h-11 px-6 has-[>svg]:px-4 w-full py-5 sm:py-7 rounded-xl sm:rounded-2xl font-black text-sm sm:text-lg border-slate-100 bg-slate-50/50 hover:bg-slate-50 hover:border-slate-200 transition-all gap-3 text-slate-600"[31m
            [33mdata-slot[31m=[32m"button"[31m
            [33mtype[31m=[32m"button"[31m
          [36m>[31m
            [36m<img[31m
              [33malt[31m=[32m"Google"[31m
              [33mclass[31m=[32m"size-5 sm:size-6"[31m
              [33msrc[31m=[32m"https://www.svgrepo.com/show/475656/google-color.svg"[31m
            [36m/>[31m
            [0mTiß║┐p tß╗Ñc vß╗¢i Google[0m
          [36m</button>[31m
        [36m</form>[31m
        [36m<div[31m
          [33mclass[31m=[32m"mt-10 text-center text-sm font-bold text-slate-400"[31m
        [36m>[31m
          [0mCh╞░a c├│ t├ái khoß║ún?[0m
          [0m [0m
          [36m<span[31m
            [33mclass[31m=[32m"text-primary cursor-pointer hover:underline"[31m
          [36m>[31m
            [0m─É─âng k├╜ ngay[0m
          [36m</span>[31m
        [36m</div>[31m
      [36m</div>[31m
      [36m<div[31m
        [33mclass[31m=[32m"mt-8 text-slate-300 text-xs font-bold tracking-widest uppercase"[31m
      [36m>[31m
        [0m┬⌐ 2026 Quizmon Team[0m
      [36m</div>[31m
    [36m</div>[31m
  [36m</div>[31m
[36m</body>[31m[39m
 [32mΓ£ô[39m src/__tests__/ui/input.test.tsx[2m > [22mInput component[2m > [22mrenders Input correctly[32m 51[2mms[22m[39m
 [32mΓ£ô[39m src/__tests__/ui/input.test.tsx[2m > [22mInput component[2m > [22mapplies custom className[32m 6[2mms[22m[39m
 [32mΓ£ô[39m src/__tests__/ui/input.test.tsx[2m > [22mInput component[2m > [22mhandles changes[32m 10[2mms[22m[39m
 [32mΓ£ô[39m src/__tests__/ui/input.test.tsx[2m > [22mInput component[2m > [22mcan be disabled[32m 7[2mms[22m[39m
 [32mΓ£ô[39m src/__tests__/ui/input.test.tsx[2m > [22mInput component[2m > [22msupports different types[32m 4[2mms[22m[39m
 [32mΓ£ô[39m src/__tests__/ui/avatar.test.tsx[2m > [22mAvatar component[2m > [22mrenders Avatar correctly[32m 65[2mms[22m[39m
 [32mΓ£ô[39m src/__tests__/ui/avatar.test.tsx[2m > [22mAvatar component[2m > [22mrenders AvatarFallback when image is missing[32m 12[2mms[22m[39m
 [32mΓ£ô[39m src/__tests__/ui/avatar.test.tsx[2m > [22mAvatar component[2m > [22mapplies custom className[32m 4[2mms[22m[39m
 [32mΓ£ô[39m src/__tests__/ui/badge.test.tsx[2m > [22mBadge component[2m > [22mrenders correctly with default variant[32m 46[2mms[22m[39m
 [32mΓ£ô[39m src/__tests__/ui/badge.test.tsx[2m > [22mBadge component[2m > [22mrenders correctly with secondary variant[32m 5[2mms[22m[39m
 [32mΓ£ô[39m src/__tests__/ui/badge.test.tsx[2m > [22mBadge component[2m > [22mrenders correctly with destructive variant[32m 4[2mms[22m[39m
 [32mΓ£ô[39m src/__tests__/ui/badge.test.tsx[2m > [22mBadge component[2m > [22mrenders correctly with outline variant[32m 5[2mms[22m[39m
 [32mΓ£ô[39m src/__tests__/ui/badge.test.tsx[2m > [22mBadge component[2m > [22mrenders custom className correctly[32m 4[2mms[22m[39m
 [32mΓ£ô[39m src/__tests__/ui/card.test.tsx[2m > [22mCard component[2m > [22mrenders Card correctly[32m 49[2mms[22m[39m
 [32mΓ£ô[39m src/__tests__/ui/card.test.tsx[2m > [22mCard component[2m > [22mrenders CardHeader correctly[32m 5[2mms[22m[39m
 [32mΓ£ô[39m src/__tests__/ui/card.test.tsx[2m > [22mCard component[2m > [22mrenders CardTitle correctly[32m 4[2mms[22m[39m
 [32mΓ£ô[39m src/__tests__/ui/card.test.tsx[2m > [22mCard component[2m > [22mrenders CardDescription correctly[32m 3[2mms[22m[39m
 [32mΓ£ô[39m src/__tests__/ui/card.test.tsx[2m > [22mCard component[2m > [22mrenders CardContent correctly[32m 3[2mms[22m[39m
 [32mΓ£ô[39m src/__tests__/ui/card.test.tsx[2m > [22mCard component[2m > [22mrenders CardFooter correctly[32m 2[2mms[22m[39m
 [32mΓ£ô[39m src/__tests__/ui/card.test.tsx[2m > [22mCard component[2m > [22mrenders full card composite correctly[32m 5[2mms[22m[39m
 [32mΓ£ô[39m src/__tests__/ui/label.test.tsx[2m > [22mLabel component[2m > [22mrenders correctly[32m 42[2mms[22m[39m
 [32mΓ£ô[39m src/__tests__/ui/label.test.tsx[2m > [22mLabel component[2m > [22massociates with input via htmlFor[32m 9[2mms[22m[39m
 [32mΓ£ô[39m src/__tests__/ui/label.test.tsx[2m > [22mLabel component[2m > [22mapplies custom className[32m 5[2mms[22m[39m
 [32mΓ£ô[39m src/__tests__/ui/textarea.test.tsx[2m > [22mTextarea component[2m > [22mrenders correctly[32m 69[2mms[22m[39m
 [32mΓ£ô[39m src/__tests__/ui/textarea.test.tsx[2m > [22mTextarea component[2m > [22mhandles value changes[32m 12[2mms[22m[39m
 [32mΓ£ô[39m src/__tests__/ui/textarea.test.tsx[2m > [22mTextarea component[2m > [22mcan be disabled[32m 195[2mms[22m[39m
 [32mΓ£ô[39m src/__tests__/ui/textarea.test.tsx[2m > [22mTextarea component[2m > [22mapplies custom className[32m 26[2mms[22m[39m

[31mΓÄ»ΓÄ»ΓÄ»ΓÄ»ΓÄ»ΓÄ»[39m[1m[41m Failed Suites 3 [49m[22m[31mΓÄ»ΓÄ»ΓÄ»ΓÄ»ΓÄ»ΓÄ»ΓÄ»[39m

[41m[1m FAIL [22m[49m src/__tests__/pages/JoinMatch.test.tsx[2m [ src/__tests__/pages/JoinMatch.test.tsx ][22m
[31m[1mTypeError[22m: Cannot read properties of undefined (reading 'interceptors')[39m
[36m [2mΓ¥»[22m src/api/client.ts:[2m16:11[22m[39m
    [90m 14| [39m
    [90m 15| [39m[90m// Request interceptor for Auth and Organization context[39m
    [90m 16| [39mapiClient[33m.[39minterceptors[33m.[39mrequest[33m.[39m[34muse[39m(
    [90m   | [39m          [31m^[39m
    [90m 17| [39m  (config) [33m=>[39m {
    [90m 18| [39m    [35mconst[39m token [33m=[39m 
localStorage[33m.[39m[34mgetItem[39m([32m"token"[39m)[33m;[39m
[90m [2mΓ¥»[22m src/pages/JoinMatch.tsx:[2m4:1[22m[39m
[90m [2mΓ¥»[22m src/__tests__/pages/JoinMatch.test.tsx:[2m5:1[22m[39m

[31m[2mΓÄ»ΓÄ»ΓÄ»ΓÄ»ΓÄ»ΓÄ»ΓÄ»ΓÄ»ΓÄ»ΓÄ»ΓÄ»ΓÄ»ΓÄ»ΓÄ»ΓÄ»ΓÄ»ΓÄ»ΓÄ»ΓÄ»ΓÄ»ΓÄ»ΓÄ»ΓÄ»ΓÄ»[1/7]ΓÄ»[22m[39m

[41m[1m FAIL [22m[49m src/__tests__/pages/QuizEditor.test.jsx[2m [ src/__tests__/pages/QuizEditor.test.jsx ][22m
[31m[1mTypeError[22m: Cannot read properties of undefined (reading 'interceptors')[39m
[36m [2mΓ¥»[22m src/api/client.ts:[2m16:11[22m[39m
    [90m 14| [39m
    [90m 15| [39m[90m// Request interceptor for Auth and Organization context[39m
    [90m 16| [39mapiClient[33m.[39minterceptors[33m.[39mrequest[33m.[39m[34muse[39m(
    [90m   | [39m          [31m^[39m
    [90m 17| [39m  (config) [33m=>[39m {
    [90m 18| [39m    [35mconst[39m token [33m=[39m 
localStorage[33m.[39m[34mgetItem[39m([32m"token"[39m)[33m;[39m
[90m [2mΓ¥»[22m src/pages/QuizEditor.tsx:[2m6:1[22m[39m
[90m [2mΓ¥»[22m src/__tests__/pages/QuizEditor.test.jsx:[2m4:1[22m[39m

[31m[2mΓÄ»ΓÄ»ΓÄ»ΓÄ»ΓÄ»ΓÄ»ΓÄ»ΓÄ»ΓÄ»ΓÄ»ΓÄ»ΓÄ»ΓÄ»ΓÄ»ΓÄ»ΓÄ»ΓÄ»ΓÄ»ΓÄ»ΓÄ»ΓÄ»ΓÄ»ΓÄ»ΓÄ»[2/7]ΓÄ»[22m[39m

[41m[1m FAIL [22m[49m src/__tests__/ui/navbar.test.tsx[2m [ src/__tests__/ui/navbar.test.tsx ][22m
[31m[1mTypeError[22m: Cannot read properties of undefined (reading 'interceptors')[39m
[36m [2mΓ¥»[22m src/api/client.ts:[2m16:11[22m[39m
    [90m 14| [39m
    [90m 15| [39m[90m// Request interceptor for Auth and Organization context[39m
    [90m 16| [39mapiClient[33m.[39minterceptors[33m.[39mrequest[33m.[39m[34muse[39m(
    [90m   | [39m          [31m^[39m
    [90m 17| [39m  (config) [33m=>[39m {
    [90m 18| [39m    [35mconst[39m token [33m=[39m 
localStorage[33m.[39m[34mgetItem[39m([32m"token"[39m)[33m;[39m
[90m [2mΓ¥»[22m src/context/AuthContext.tsx:[2m2:1[22m[39m
[90m [2mΓ¥»[22m src/components/ui/navbar.tsx:[2m5:1[22m[39m

[31m[2mΓÄ»ΓÄ»ΓÄ»ΓÄ»ΓÄ»ΓÄ»ΓÄ»ΓÄ»ΓÄ»ΓÄ»ΓÄ»ΓÄ»ΓÄ»ΓÄ»ΓÄ»ΓÄ»ΓÄ»ΓÄ»ΓÄ»ΓÄ»ΓÄ»ΓÄ»ΓÄ»ΓÄ»[3/7]ΓÄ»[22m[39m


[31mΓÄ»ΓÄ»ΓÄ»ΓÄ»ΓÄ»ΓÄ»ΓÄ»[39m[1m[41m Failed Tests 4 [49m[22m[31mΓÄ»ΓÄ»ΓÄ»ΓÄ»ΓÄ»ΓÄ»ΓÄ»[39m

[41m[1m FAIL [22m[49m src/__tests__/auth/LoginForm.test.tsx[2m > [22mLoginForm Component[2m > [22mrenders the 
login form correctly
[31m[1mTestingLibraryElementError[22m[39m: Unable to find an element with the text: Log in. This could be because 
the text is broken up by multiple elements. In this case, you can provide a function for your text matcher to make 
your matcher more flexible.

Ignored nodes: comments, script, style
[36m<body>[39m
  [36m<div>[39m
    [36m<div[39m
      [33mclass[39m=[32m"min-h-screen w-full flex flex-col items-center justify-center bg-[#f8fafc] p-4 sm:p-6 
relative overflow-hidden"[39m
    [36m>[39m
      [36m<div[39m
        [33mclass[39m=[32m"absolute top-4 left-4 sm:top-8 sm:left-8 z-20"[39m
      [36m>[39m
        [36m<button[39m
          [33mclass[39m=[32m"justify-center whitespace-nowrap rounded-full text-base disabled:pointer-events-none 
disabled:opacity-50 [&_svg]:pointer-events-none [&_svg:not([class*='size-'])]:size-5 shrink-0 [&_svg]:shrink-0 
outline-none focus-visible:ring-2 focus-visible:ring-primary/50 select-none border-[3px] border-transparent 
hover:bg-accent active:translate-y-0 active:shadow-none hover:-translate-y-0 h-11 px-6 py-2 has-[>svg]:px-4 group flex 
items-center gap-2 font-black text-slate-400 hover:text-primary transition-colors"[39m
          [33mdata-slot[39m=[32m"button"[39m
        [36m>[39m
          [36m<svg[39m
            [33mclass[39m=[32m"lucide lucide-arrow-left size-5 group-hover:-translate-x-1 transition-transform"[39m
            [33mfill[39m=[32m"none"[39m
            [33mheight[39m=[32m"24"[39m
            [33mstroke[39m=[32m"currentColor"[39m
            [33mstroke-linecap[39m=[32m"round"[39m
            [33mstroke-linejoin[39m=[32m"round"[39m
            [33mstroke-width[39m=[32m"2"[39m
            [33mviewBox[39m=[32m"0 0 24 24"[39m
            [33mwidth[39m=[32m"24"[39m
            [33mxmlns[39m=[32m"http://www.w3.org/2000/svg"[39m
          [36m>[39m
            [36m<path[39m
              [33md[39m=[32m"m12 19-7-7 7-7"[39m
            [36m/>[39m
            [36m<path[39m
              [33md[39m=[32m"M19 12H5"[39m
            [36m/>[39m
          [36m</svg>[39m
          [36m<span[39m
            [33mclass[39m=[32m"hidden sm:inline"[39m
          [36m>[39m
            [0mTrß╗ƒ vß╗ü trang chß╗º[0m
          [36m</span>[39m
        [36m</button>[39m
      [36m</div>[39m
      [36m<div[39m
        [33mclass[39m=[32m"absolute -bottom-24 -right-24 size-[600px] bg-emerald-400/10 rounded-full blur-[120px] 
pointer-events-none animate-pulse"[39m
        [33mstyle[39m=[32m"animation-duration: 8s;"[39m
      [36m/>[39m
      [36m<div[39m
        [33mclass[39m=[32m"absolute -top-24 -left-24 size-[600px] bg-blue-400/10 rounded-full blur-[120px] 
pointer-events-none animate-pulse"[39m
        [33mstyle[39m=[32m"animation-duration: 10s;"[39m
      [36m/>[39m
      [36m<div[39m
        [33mclass[39m=[32m"absolute inset-0 
bg-[radial-gradient(circle_at_bottom_left,rgba(52,211,153,0.05),transparent_40%)] pointer-events-none"[39m
      [36m/>[39m
      [36m<div[39m
        [33mclass[39m=[32m"absolute top-0 right-0 w-[30%] h-full bg-linear-to-l from-slate-200/20 to-transparent 
pointer-events-none transform -skew-x-12 translate-x-1/4"[39m
      [36m/>[39m
      [36m<div[39m
        [33mclass[39m=[32m"mb-6 sm:mb-10 cursor-pointer transition-transform hover:scale-105 active:scale-95"[39m
      [36m>[39m
        [36m<img[39m
          [33malt[39m=[32m"Quizmon Logo"[39m
          [33mclass[39m=[32m"h-10 sm:h-16 w-auto object-contain drop-shadow-sm"[39m
          [33msrc[39m=[32m"/quizmon.png"[39m
        [36m/>[39m
      [36m</div>[39m
      [36m<div[39m
        [33mclass[39m=[32m"w-full max-w-md bg-white rounded-3xl sm:rounded-4xl p-6 sm:p-10 shadow-2xl 
shadow-slate-200/50 border border-slate-100 animate-in fade-in zoom-in-95 duration-500"[39m
      [36m>[39m
        [36m<div[39m
          [33mclass[39m=[32m"mb-6 sm:mb-8 text-center"[39m
        [36m>[39m
          [36m<h1[39m
            [33mclass[39m=[32m"text-xl sm:text-3xl font-black tracking-tight text-slate-800"[39m
          [36m>[39m
            [0mCh├áo mß╗½ng trß╗ƒ lß║íi![0m
          [36m</h1>[39m
          [36m<p[39m
            [33mclass[39m=[32m"text-sm sm:text-slate-500 font-bold mt-1 sm:mt-2"[39m
          [36m>[39m
            [0m─É─âng nhß║¡p ─æß╗â tiß║┐p tß╗Ñc hß╗ìc tß║¡p.[0m
          [36m</p>[39m
        [36m</div>[39m
        [36m<form[39m
          [33mclass[39m=[32m"space-y-6"[39m
        [36m>[39m
          [36m<div[39m
            [33mclass[39m=[32m"space-y-4"[39m
          [36m>[39m
            [36m<div[39m
              [33mclass[39m=[32m"space-y-1 sm:space-y-2"[39m
            [36m>[39m
              [36m<label[39m
                [33mclass[39m=[32m"text-[10px] sm:text-xs font-black uppercase tracking-widest text-slate-400 
px-1"[39m
              [36m>[39m
                [0mEmail / T├ái khoß║ún[0m
              [36m</label>[39m
              [36m<div[39m
                [33mclass[39m=[32m"relative group"[39m
              [36m>[39m
                [36m<svg[39m
                  [33mclass[39m=[32m"lucide lucide-mail absolute left-4 top-1/2 -translate-y-1/2 size-4 sm:size-5 
text-slate-300 group-focus-within:text-primary transition-colors"[39m
                  [33mfill[39m=[32m"none"[39m
                  [33mheight[39m=[32m"24"[39m
                  [33mstroke[39m=[32m"currentColor"[39m
                  [33mstroke-linecap[39m=[32m"round"[39m
                  [33mstroke-linejoin[39m=[32m"round"[39m
                  [33mstroke-width[39m=[32m"2"[39m
                  [33mviewBox[39m=[32m"0 0 24 24"[39m
                  [33mwidth[39m=[32m"24"[39m
                  [33mxmlns[39m=[32m"http://www.w3.org/2000/svg"[39m
                [36m>[39m
                  [36m<rect[39m
                    [33mheight[39m=[32m"16"[39m
                    [33mrx[39m=[32m"2"[39m
                    [33mwidth[39m=[32m"20"[39m
                    [33mx[39m=[32m"2"[39m
                    [33my[39m=[32m"4"[39m
                  [36m/>[39m
                  [36m<path[39m
                    [33md[39m=[32m"m22 7-8.97 5.7a1.94 1.94 0 0 1-2.06 0L2 7"[39m
                  [36m/>[39m
                [36m</svg>[39m
                [36m<input[39m
                  [33mclass[39m=[32m"w-full bg-slate-50 border-2 border-slate-50 py-3 sm:py-4 pl-10 sm:pl-12 pr-4 
rounded-xl sm:rounded-2xl text-base sm:text-lg font-bold text-slate-700 placeholder:text-slate-300 focus:outline-none 
focus:border-primary/20 focus:bg-white transition-all shadow-sm"[39m
                  [33mrequired[39m=[32m""[39m
                  [33mtype[39m=[32m"text"[39m
                  [33mvalue[39m=[32m""[39m
                [36m/>[39m
              [36m</div>[39m
            [36m</div>[39m
            [36m<div[39m
              [33mclass[39m=[32m"space-y-1 sm:space-y-2"[39m
            [36m>[39m
              [36m<div[39m
                [33mclass[39m=[32m"flex items-center justify-between px-1"[39m
              [36m>[39m
                [36m<label[39m
                  [33mclass[39m=[32m"text-[10px] sm:text-xs font-black uppercase tracking-widest 
text-slate-400"[39m
                [36m>[39m
                  [0mMß║¡t khß║⌐u[0m
                [36m</label>[39m
                [36m<a[39m
                  [33mclass[39m=[32m"text-[10px] sm:text-xs font-black text-primary hover:underline"[39m
                  [33mhref[39m=[32m"#"[39m
                [36m>[39m
                  [0mQu├¬n mß║¡t khß║⌐u?[0m
                [36m</a>[39m
              [36m</div>[39m
              [36m<div[39m
                [33mclass[39m=[32m"relative group"[39m
              [36m>[39m
                [36m<svg[39m
                  [33mclass[39m=[32m"lucide lucide-lock absolute left-4 top-1/2 -translate-y-1/2 size-4 sm:size-5 
text-slate-300 group-focus-within:text-primary transition-colors"[39m
                  [33mfill[39m=[32m"none"[39m
                  [33mheight[39m=[32m"24"[39m
                  [33mstroke[39m=[32m"currentColor"[39m
                  [33mstroke-linecap[39m=[32m"round"[39m
                  [33mstroke-linejoin[39m=[32m"round"[39m
                  [33mstroke-width[39m=[32m"2"[39m
                  [33mviewBox[39m=[32m"0 0 24 24"[39m
                  [33mwidth[39m=[32m"24"[39m
                  [33mxmlns[39m=[32m"http://www.w3.org/2000/svg"[39m
                [36m>[39m
                  [36m<rect[39m
                    [33mheight[39m=[32m"11"[39m
                    [33mrx[39m=[32m"2"[39m
                    [33mry[39m=[32m"2"[39m
                    [33mwidth[39m=[32m"18"[39m
                    [33mx[39m=[32m"3"[39m
                    [33my[39m=[32m"11"[39m
                  [36m/>[39m
                  [36m<path[39m
                    [33md[39m=[32m"M7 11V7a5 5 0 0 1 10 0v4"[39m
                  [36m/>[39m
                [36m</svg>[39m
                [36m<input[39m
                  [33mclass[39m=[32m"w-full bg-slate-50 border-2 border-slate-50 py-3 sm:py-4 pl-10 sm:pl-12 pr-4 
rounded-xl sm:rounded-2xl text-base sm:text-lg font-bold text-slate-700 placeholder:text-slate-300 focus:outline-none 
focus:border-primary/20 focus:bg-white transition-all shadow-sm"[39m
                  [33mplaceholder[39m=[32m"ΓÇóΓÇóΓÇóΓÇóΓÇóΓÇóΓÇóΓÇó"[39m
                  [33mrequired[39m=[32m""[39m
                  [33mtype[39m=[32m"password"[39m
                  [33mvalue[39m=[32m""[39m
                [36m/>[39m
              [36m</div>[39m
            [36m</div>[39m
          [36m</div>[39m
          [36m<button[39m
            [33mclass[39m=[32m"inline-flex items-center justify-center gap-2 whitespace-nowrap 
disabled:pointer-events-none disabled:opacity-50 [&_svg]:pointer-events-none [&_svg:not([class*='size-'])]:size-5 
shrink-0 [&_svg]:shrink-0 outline-none focus-visible:ring-2 focus-visible:ring-primary/50 select-none 
active:translate-y-1 active:shadow-none border-[3px] bg-primary text-primary-foreground border-black/10 
hover:bg-primary/90 hover:-translate-y-0.5 hover:shadow-[0_5px_0_0_rgba(0,0,0,0.2)] h-11 px-6 has-[>svg]:px-4 w-full 
py-5 sm:py-7 rounded-xl sm:rounded-2xl text-base sm:text-xl font-black shadow-lg shadow-primary/20 
hover:shadow-primary/30 active:scale-[0.98] transition-all"[39m
            [33mdata-slot[39m=[32m"button"[39m
            [33mtype[39m=[32m"submit"[39m
          [36m>[39m
            [0m─É─âng nhß║¡p ngay![0m
            [36m<svg[39m
              [33mclass[39m=[32m"lucide lucide-arrow-right ml-2 size-5 sm:size-6"[39m
              [33mfill[39m=[32m"none"[39m
              [33mheight[39m=[32m"24"[39m
              [33mstroke[39m=[32m"currentColor"[39m
              [33mstroke-linecap[39m=[32m"round"[39m
              [33mstroke-linejoin[39m=[32m"round"[39m
              [33mstroke-width[39m=[32m"2"[39m
              [33mviewBox[39m=[32m"0 0 24 24"[39m
              [33mwidth[39m=[32m"24"[39m
              [33mxmlns[39m=[32m"http://www.w3.org/2000/svg"[39m
            [36m>[39m
              [36m<path[39m
                [33md[39m=[32m"M5 12h14"[39m
              [36m/>[39m
              [36m<path[39m
                [33md[39m=[32m"m12 5 7 7-7 7"[39m
              [36m/>[39m
            [36m</svg>[39m
          [36m</button>[39m
          [36m<div[39m
            [33mclass[39m=[32m"relative py-4"[39m
          [36m>[39m
            [36m<div[39m
              [33mclass[39m=[32m"absolute inset-0 flex items-center"[39m
            [36m>[39m
              [36m<span[39m
                [33mclass[39m=[32m"w-full border-t border-slate-100"[39m
              [36m/>[39m
            [36m</div>[39m
            [36m<div[39m
              [33mclass[39m=[32m"relative flex justify-center text-xs uppercase"[39m
            [36m>[39m
              [36m<span[39m
                [33mclass[39m=[32m"bg-white px-4 font-black text-slate-300 tracking-widest"[39m
              [36m>[39m
                [0mhoß║╖c[0m
              [36m</span>[39m
            [36m</div>[39m
          [36m</div>[39m
          [36m<button[39m
            [33mclass[39m=[32m"inline-flex items-center justify-center whitespace-nowrap 
disabled:pointer-events-none disabled:opacity-50 [&_svg]:pointer-events-none [&_svg:not([class*='size-'])]:size-5 
shrink-0 [&_svg]:shrink-0 outline-none focus-visible:ring-2 focus-visible:ring-primary/50 select-none 
active:translate-y-1 active:shadow-none border-[3px] shadow-[0_4px_0_0_#e5e7eb] hover:-translate-y-0.5 
hover:shadow-[0_5px_0_0_#e5e7eb] h-11 px-6 has-[>svg]:px-4 w-full py-5 sm:py-7 rounded-xl sm:rounded-2xl font-black 
text-sm sm:text-lg border-slate-100 bg-slate-50/50 hover:bg-slate-50 hover:border-slate-200 transition-all gap-3 
text-slate-600"[39m
            [33mdata-slot[39m=[32m"button"[39m
            [33mtype[39m=[32m"button"[39m
          [36m>[39m
            [36m<img[39m
              [33malt[39m=[32m"Google"[39m
              [33mclass[39m=[32m"size-5 sm:size-6"[39m
              [33msrc[39m=[32m"https://www.svgrepo.com/show/475656/google-color.svg"[39m
            [36m/>[39m
            [0mTiß║┐p tß╗Ñc vß╗¢i Google[0m
          [36m</button>[39m
        [36m</form>[39m
        [36m<div[39m
          [33mclass[39m=[32m"mt-10 text-center text-sm font-bold text-slate-400"[39m
        [36m>[39m
          [0mCh╞░a c├│ t├ái khoß║ún?[0m
          [0m [0m
          [36m<span[39m
            [33mclass[39m=[32m"text-primary cursor-pointer hover:underline"[39m
          [36m>[39m
            [0m─É─âng k├╜ ngay[0m
          [36m</span>[39m
        [36m</div>[39m
      [36m</div>[39m
      [36m<div[39m
        [33mclass[39m=[32m"mt-8 text-slate-300 text-xs font-bold tracking-widest uppercase"[39m
      [36m>[39m
        [0m┬⌐ 2026 Quizmon Team[0m
      [36m</div>[39m
    [36m</div>[39m
  [36m</div>[39m
[36m</body>[39m
[90m [2mΓ¥»[22m Object.getElementError node_modules/@testing-library/dom/dist/config.js:[2m37:19[22m[39m
[90m [2mΓ¥»[22m node_modules/@testing-library/dom/dist/query-helpers.js:[2m76:38[22m[39m
[90m [2mΓ¥»[22m node_modules/@testing-library/dom/dist/query-helpers.js:[2m52:17[22m[39m
[90m [2mΓ¥»[22m node_modules/@testing-library/dom/dist/query-helpers.js:[2m95:19[22m[39m
[36m [2mΓ¥»[22m src/__tests__/auth/LoginForm.test.tsx:[2m45:23[22m[39m
    [90m 43| [39m    [34mit[39m([32m"renders the login form correctly"[39m[33m,[39m () [33m=>[39m {
    [90m 44| [39m        [34mrenderForm[39m()[33m;[39m
    [90m 45| [39m        [34mexpect[39m(screen[33m.[39m[34mgetByText[39m([32m"Log 
in"[39m))[33m.[39m[34mtoBeInTheDocument[39m()[33m;[39m
    [90m   | [39m                      [31m^[39m
    [90m 46| [39m        expect(screen.getByPlaceholderText("Username or email")).toBeIΓÇª
    [90m 47| [39m        expect(screen.getByPlaceholderText("Password")).toBeInTheDocumΓÇª

[31m[2mΓÄ»ΓÄ»ΓÄ»ΓÄ»ΓÄ»ΓÄ»ΓÄ»ΓÄ»ΓÄ»ΓÄ»ΓÄ»ΓÄ»ΓÄ»ΓÄ»ΓÄ»ΓÄ»ΓÄ»ΓÄ»ΓÄ»ΓÄ»ΓÄ»ΓÄ»ΓÄ»ΓÄ»[4/7]ΓÄ»[22m[39m

[41m[1m FAIL [22m[49m src/__tests__/auth/LoginForm.test.tsx[2m > [22mLoginForm Component[2m > [22mhandles 
manual login submission
[31m[1mTestingLibraryElementError[22m[39m: Unable to find an element with the placeholder text of: Username or 
email

Ignored nodes: comments, script, style
[36m<body>[39m
  [36m<div>[39m
    [36m<div[39m
      [33mclass[39m=[32m"min-h-screen w-full flex flex-col items-center justify-center bg-[#f8fafc] p-4 sm:p-6 
relative overflow-hidden"[39m
    [36m>[39m
      [36m<div[39m
        [33mclass[39m=[32m"absolute top-4 left-4 sm:top-8 sm:left-8 z-20"[39m
      [36m>[39m
        [36m<button[39m
          [33mclass[39m=[32m"justify-center whitespace-nowrap rounded-full text-base disabled:pointer-events-none 
disabled:opacity-50 [&_svg]:pointer-events-none [&_svg:not([class*='size-'])]:size-5 shrink-0 [&_svg]:shrink-0 
outline-none focus-visible:ring-2 focus-visible:ring-primary/50 select-none border-[3px] border-transparent 
hover:bg-accent active:translate-y-0 active:shadow-none hover:-translate-y-0 h-11 px-6 py-2 has-[>svg]:px-4 group flex 
items-center gap-2 font-black text-slate-400 hover:text-primary transition-colors"[39m
          [33mdata-slot[39m=[32m"button"[39m
        [36m>[39m
          [36m<svg[39m
            [33mclass[39m=[32m"lucide lucide-arrow-left size-5 group-hover:-translate-x-1 transition-transform"[39m
            [33mfill[39m=[32m"none"[39m
            [33mheight[39m=[32m"24"[39m
            [33mstroke[39m=[32m"currentColor"[39m
            [33mstroke-linecap[39m=[32m"round"[39m
            [33mstroke-linejoin[39m=[32m"round"[39m
            [33mstroke-width[39m=[32m"2"[39m
            [33mviewBox[39m=[32m"0 0 24 24"[39m
            [33mwidth[39m=[32m"24"[39m
            [33mxmlns[39m=[32m"http://www.w3.org/2000/svg"[39m
          [36m>[39m
            [36m<path[39m
              [33md[39m=[32m"m12 19-7-7 7-7"[39m
            [36m/>[39m
            [36m<path[39m
              [33md[39m=[32m"M19 12H5"[39m
            [36m/>[39m
          [36m</svg>[39m
          [36m<span[39m
            [33mclass[39m=[32m"hidden sm:inline"[39m
          [36m>[39m
            [0mTrß╗ƒ vß╗ü trang chß╗º[0m
          [36m</span>[39m
        [36m</button>[39m
      [36m</div>[39m
      [36m<div[39m
        [33mclass[39m=[32m"absolute -bottom-24 -right-24 size-[600px] bg-emerald-400/10 rounded-full blur-[120px] 
pointer-events-none animate-pulse"[39m
        [33mstyle[39m=[32m"animation-duration: 8s;"[39m
      [36m/>[39m
      [36m<div[39m
        [33mclass[39m=[32m"absolute -top-24 -left-24 size-[600px] bg-blue-400/10 rounded-full blur-[120px] 
pointer-events-none animate-pulse"[39m
        [33mstyle[39m=[32m"animation-duration: 10s;"[39m
      [36m/>[39m
      [36m<div[39m
        [33mclass[39m=[32m"absolute inset-0 
bg-[radial-gradient(circle_at_bottom_left,rgba(52,211,153,0.05),transparent_40%)] pointer-events-none"[39m
      [36m/>[39m
      [36m<div[39m
        [33mclass[39m=[32m"absolute top-0 right-0 w-[30%] h-full bg-linear-to-l from-slate-200/20 to-transparent 
pointer-events-none transform -skew-x-12 translate-x-1/4"[39m
      [36m/>[39m
      [36m<div[39m
        [33mclass[39m=[32m"mb-6 sm:mb-10 cursor-pointer transition-transform hover:scale-105 active:scale-95"[39m
      [36m>[39m
        [36m<img[39m
          [33malt[39m=[32m"Quizmon Logo"[39m
          [33mclass[39m=[32m"h-10 sm:h-16 w-auto object-contain drop-shadow-sm"[39m
          [33msrc[39m=[32m"/quizmon.png"[39m
        [36m/>[39m
      [36m</div>[39m
      [36m<div[39m
        [33mclass[39m=[32m"w-full max-w-md bg-white rounded-3xl sm:rounded-4xl p-6 sm:p-10 shadow-2xl 
shadow-slate-200/50 border border-slate-100 animate-in fade-in zoom-in-95 duration-500"[39m
      [36m>[39m
        [36m<div[39m
          [33mclass[39m=[32m"mb-6 sm:mb-8 text-center"[39m
        [36m>[39m
          [36m<h1[39m
            [33mclass[39m=[32m"text-xl sm:text-3xl font-black tracking-tight text-slate-800"[39m
          [36m>[39m
            [0mCh├áo mß╗½ng trß╗ƒ lß║íi![0m
          [36m</h1>[39m
          [36m<p[39m
            [33mclass[39m=[32m"text-sm sm:text-slate-500 font-bold mt-1 sm:mt-2"[39m
          [36m>[39m
            [0m─É─âng nhß║¡p ─æß╗â tiß║┐p tß╗Ñc hß╗ìc tß║¡p.[0m
          [36m</p>[39m
        [36m</div>[39m
        [36m<form[39m
          [33mclass[39m=[32m"space-y-6"[39m
        [36m>[39m
          [36m<div[39m
            [33mclass[39m=[32m"space-y-4"[39m
          [36m>[39m
            [36m<div[39m
              [33mclass[39m=[32m"space-y-1 sm:space-y-2"[39m
            [36m>[39m
              [36m<label[39m
                [33mclass[39m=[32m"text-[10px] sm:text-xs font-black uppercase tracking-widest text-slate-400 
px-1"[39m
              [36m>[39m
                [0mEmail / T├ái khoß║ún[0m
              [36m</label>[39m
              [36m<div[39m
                [33mclass[39m=[32m"relative group"[39m
              [36m>[39m
                [36m<svg[39m
                  [33mclass[39m=[32m"lucide lucide-mail absolute left-4 top-1/2 -translate-y-1/2 size-4 sm:size-5 
text-slate-300 group-focus-within:text-primary transition-colors"[39m
                  [33mfill[39m=[32m"none"[39m
                  [33mheight[39m=[32m"24"[39m
                  [33mstroke[39m=[32m"currentColor"[39m
                  [33mstroke-linecap[39m=[32m"round"[39m
                  [33mstroke-linejoin[39m=[32m"round"[39m
                  [33mstroke-width[39m=[32m"2"[39m
                  [33mviewBox[39m=[32m"0 0 24 24"[39m
                  [33mwidth[39m=[32m"24"[39m
                  [33mxmlns[39m=[32m"http://www.w3.org/2000/svg"[39m
                [36m>[39m
                  [36m<rect[39m
                    [33mheight[39m=[32m"16"[39m
                    [33mrx[39m=[32m"2"[39m
                    [33mwidth[39m=[32m"20"[39m
                    [33mx[39m=[32m"2"[39m
                    [33my[39m=[32m"4"[39m
                  [36m/>[39m
                  [36m<path[39m
                    [33md[39m=[32m"m22 7-8.97 5.7a1.94 1.94 0 0 1-2.06 0L2 7"[39m
                  [36m/>[39m
                [36m</svg>[39m
                [36m<input[39m
                  [33mclass[39m=[32m"w-full bg-slate-50 border-2 border-slate-50 py-3 sm:py-4 pl-10 sm:pl-12 pr-4 
rounded-xl sm:rounded-2xl text-base sm:text-lg font-bold text-slate-700 placeholder:text-slate-300 focus:outline-none 
focus:border-primary/20 focus:bg-white transition-all shadow-sm"[39m
                  [33mrequired[39m=[32m""[39m
                  [33mtype[39m=[32m"text"[39m
                  [33mvalue[39m=[32m""[39m
                [36m/>[39m
              [36m</div>[39m
            [36m</div>[39m
            [36m<div[39m
              [33mclass[39m=[32m"space-y-1 sm:space-y-2"[39m
            [36m>[39m
              [36m<div[39m
                [33mclass[39m=[32m"flex items-center justify-between px-1"[39m
              [36m>[39m
                [36m<label[39m
                  [33mclass[39m=[32m"text-[10px] sm:text-xs font-black uppercase tracking-widest 
text-slate-400"[39m
                [36m>[39m
                  [0mMß║¡t khß║⌐u[0m
                [36m</label>[39m
                [36m<a[39m
                  [33mclass[39m=[32m"text-[10px] sm:text-xs font-black text-primary hover:underline"[39m
                  [33mhref[39m=[32m"#"[39m
                [36m>[39m
                  [0mQu├¬n mß║¡t khß║⌐u?[0m
                [36m</a>[39m
              [36m</div>[39m
              [36m<div[39m
                [33mclass[39m=[32m"relative group"[39m
              [36m>[39m
                [36m<svg[39m
                  [33mclass[39m=[32m"lucide lucide-lock absolute left-4 top-1/2 -translate-y-1/2 size-4 sm:size-5 
text-slate-300 group-focus-within:text-primary transition-colors"[39m
                  [33mfill[39m=[32m"none"[39m
                  [33mheight[39m=[32m"24"[39m
                  [33mstroke[39m=[32m"currentColor"[39m
                  [33mstroke-linecap[39m=[32m"round"[39m
                  [33mstroke-linejoin[39m=[32m"round"[39m
                  [33mstroke-width[39m=[32m"2"[39m
                  [33mviewBox[39m=[32m"0 0 24 24"[39m
                  [33mwidth[39m=[32m"24"[39m
                  [33mxmlns[39m=[32m"http://www.w3.org/2000/svg"[39m
                [36m>[39m
                  [36m<rect[39m
                    [33mheight[39m=[32m"11"[39m
                    [33mrx[39m=[32m"2"[39m
                    [33mry[39m=[32m"2"[39m
                    [33mwidth[39m=[32m"18"[39m
                    [33mx[39m=[32m"3"[39m
                    [33my[39m=[32m"11"[39m
                  [36m/>[39m
                  [36m<path[39m
                    [33md[39m=[32m"M7 11V7a5 5 0 0 1 10 0v4"[39m
                  [36m/>[39m
                [36m</svg>[39m
                [36m<input[39m
                  [33mclass[39m=[32m"w-full bg-slate-50 border-2 border-slate-50 py-3 sm:py-4 pl-10 sm:pl-12 pr-4 
rounded-xl sm:rounded-2xl text-base sm:text-lg font-bold text-slate-700 placeholder:text-slate-300 focus:outline-none 
focus:border-primary/20 focus:bg-white transition-all shadow-sm"[39m
                  [33mplaceholder[39m=[32m"ΓÇóΓÇóΓÇóΓÇóΓÇóΓÇóΓÇóΓÇó"[39m
                  [33mrequired[39m=[32m""[39m
                  [33mtype[39m=[32m"password"[39m
                  [33mvalue[39m=[32m""[39m
                [36m/>[39m
              [36m</div>[39m
            [36m</div>[39m
          [36m</div>[39m
          [36m<button[39m
            [33mclass[39m=[32m"inline-flex items-center justify-center gap-2 whitespace-nowrap 
disabled:pointer-events-none disabled:opacity-50 [&_svg]:pointer-events-none [&_svg:not([class*='size-'])]:size-5 
shrink-0 [&_svg]:shrink-0 outline-none focus-visible:ring-2 focus-visible:ring-primary/50 select-none 
active:translate-y-1 active:shadow-none border-[3px] bg-primary text-primary-foreground border-black/10 
hover:bg-primary/90 hover:-translate-y-0.5 hover:shadow-[0_5px_0_0_rgba(0,0,0,0.2)] h-11 px-6 has-[>svg]:px-4 w-full 
py-5 sm:py-7 rounded-xl sm:rounded-2xl text-base sm:text-xl font-black shadow-lg shadow-primary/20 
hover:shadow-primary/30 active:scale-[0.98] transition-all"[39m
            [33mdata-slot[39m=[32m"button"[39m
            [33mtype[39m=[32m"submit"[39m
          [36m>[39m
            [0m─É─âng nhß║¡p ngay![0m
            [36m<svg[39m
              [33mclass[39m=[32m"lucide lucide-arrow-right ml-2 size-5 sm:size-6"[39m
              [33mfill[39m=[32m"none"[39m
              [33mheight[39m=[32m"24"[39m
              [33mstroke[39m=[32m"currentColor"[39m
              [33mstroke-linecap[39m=[32m"round"[39m
              [33mstroke-linejoin[39m=[32m"round"[39m
              [33mstroke-width[39m=[32m"2"[39m
              [33mviewBox[39m=[32m"0 0 24 24"[39m
              [33mwidth[39m=[32m"24"[39m
              [33mxmlns[39m=[32m"http://www.w3.org/2000/svg"[39m
            [36m>[39m
              [36m<path[39m
                [33md[39m=[32m"M5 12h14"[39m
              [36m/>[39m
              [36m<path[39m
                [33md[39m=[32m"m12 5 7 7-7 7"[39m
              [36m/>[39m
            [36m</svg>[39m
          [36m</button>[39m
          [36m<div[39m
            [33mclass[39m=[32m"relative py-4"[39m
          [36m>[39m
            [36m<div[39m
              [33mclass[39m=[32m"absolute inset-0 flex items-center"[39m
            [36m>[39m
              [36m<span[39m
                [33mclass[39m=[32m"w-full border-t border-slate-100"[39m
              [36m/>[39m
            [36m</div>[39m
            [36m<div[39m
              [33mclass[39m=[32m"relative flex justify-center text-xs uppercase"[39m
            [36m>[39m
              [36m<span[39m
                [33mclass[39m=[32m"bg-white px-4 font-black text-slate-300 tracking-widest"[39m
              [36m>[39m
                [0mhoß║╖c[0m
              [36m</span>[39m
            [36m</div>[39m
          [36m</div>[39m
          [36m<button[39m
            [33mclass[39m=[32m"inline-flex items-center justify-center whitespace-nowrap 
disabled:pointer-events-none disabled:opacity-50 [&_svg]:pointer-events-none [&_svg:not([class*='size-'])]:size-5 
shrink-0 [&_svg]:shrink-0 outline-none focus-visible:ring-2 focus-visible:ring-primary/50 select-none 
active:translate-y-1 active:shadow-none border-[3px] shadow-[0_4px_0_0_#e5e7eb] hover:-translate-y-0.5 
hover:shadow-[0_5px_0_0_#e5e7eb] h-11 px-6 has-[>svg]:px-4 w-full py-5 sm:py-7 rounded-xl sm:rounded-2xl font-black 
text-sm sm:text-lg border-slate-100 bg-slate-50/50 hover:bg-slate-50 hover:border-slate-200 transition-all gap-3 
text-slate-600"[39m
            [33mdata-slot[39m=[32m"button"[39m
            [33mtype[39m=[32m"button"[39m
          [36m>[39m
            [36m<img[39m
              [33malt[39m=[32m"Google"[39m
              [33mclass[39m=[32m"size-5 sm:size-6"[39m
              [33msrc[39m=[32m"https://www.svgrepo.com/show/475656/google-color.svg"[39m
            [36m/>[39m
            [0mTiß║┐p tß╗Ñc vß╗¢i Google[0m
          [36m</button>[39m
        [36m</form>[39m
        [36m<div[39m
          [33mclass[39m=[32m"mt-10 text-center text-sm font-bold text-slate-400"[39m
        [36m>[39m
          [0mCh╞░a c├│ t├ái khoß║ún?[0m
          [0m [0m
          [36m<span[39m
            [33mclass[39m=[32m"text-primary cursor-pointer hover:underline"[39m
          [36m>[39m
            [0m─É─âng k├╜ ngay[0m
          [36m</span>[39m
        [36m</div>[39m
      [36m</div>[39m
      [36m<div[39m
        [33mclass[39m=[32m"mt-8 text-slate-300 text-xs font-bold tracking-widest uppercase"[39m
      [36m>[39m
        [0m┬⌐ 2026 Quizmon Team[0m
      [36m</div>[39m
    [36m</div>[39m
  [36m</div>[39m
[36m</body>[39m
[90m [2mΓ¥»[22m Object.getElementError node_modules/@testing-library/dom/dist/config.js:[2m37:19[22m[39m
[90m [2mΓ¥»[22m node_modules/@testing-library/dom/dist/query-helpers.js:[2m76:38[22m[39m
[90m [2mΓ¥»[22m node_modules/@testing-library/dom/dist/query-helpers.js:[2m52:17[22m[39m
[90m [2mΓ¥»[22m node_modules/@testing-library/dom/dist/query-helpers.js:[2m95:19[22m[39m
[36m [2mΓ¥»[22m src/__tests__/auth/LoginForm.test.tsx:[2m56:35[22m[39m
    [90m 54| [39m        [34mrenderForm[39m()[33m;[39m
    [90m 55| [39m
    [90m 56| [39m        const emailInput = screen.getByPlaceholderText("Username or emΓÇª
    [90m   | [39m                                  [31m^[39m
    [90m 57| [39m        [35mconst[39m passwordInput [33m=[39m 
screen[33m.[39m[34mgetByPlaceholderText[39m([32m"Password"[39m)[33m;[39m
    [90m 58| [39m        const submitButton = screen.getByRole("button", { name: /let'sΓÇª

[31m[2mΓÄ»ΓÄ»ΓÄ»ΓÄ»ΓÄ»ΓÄ»ΓÄ»ΓÄ»ΓÄ»ΓÄ»ΓÄ»ΓÄ»ΓÄ»ΓÄ»ΓÄ»ΓÄ»ΓÄ»ΓÄ»ΓÄ»ΓÄ»ΓÄ»ΓÄ»ΓÄ»ΓÄ»[5/7]ΓÄ»[22m[39m

[41m[1m FAIL [22m[49m src/__tests__/auth/LoginForm.test.tsx[2m > [22mLoginForm Component[2m > [22mshows error 
message if login fails
[31m[1mTestingLibraryElementError[22m[39m: Unable to find an element with the placeholder text of: Username or 
email

Ignored nodes: comments, script, style
[36m<body>[39m
  [36m<div>[39m
    [36m<div[39m
      [33mclass[39m=[32m"min-h-screen w-full flex flex-col items-center justify-center bg-[#f8fafc] p-4 sm:p-6 
relative overflow-hidden"[39m
    [36m>[39m
      [36m<div[39m
        [33mclass[39m=[32m"absolute top-4 left-4 sm:top-8 sm:left-8 z-20"[39m
      [36m>[39m
        [36m<button[39m
          [33mclass[39m=[32m"justify-center whitespace-nowrap rounded-full text-base disabled:pointer-events-none 
disabled:opacity-50 [&_svg]:pointer-events-none [&_svg:not([class*='size-'])]:size-5 shrink-0 [&_svg]:shrink-0 
outline-none focus-visible:ring-2 focus-visible:ring-primary/50 select-none border-[3px] border-transparent 
hover:bg-accent active:translate-y-0 active:shadow-none hover:-translate-y-0 h-11 px-6 py-2 has-[>svg]:px-4 group flex 
items-center gap-2 font-black text-slate-400 hover:text-primary transition-colors"[39m
          [33mdata-slot[39m=[32m"button"[39m
        [36m>[39m
          [36m<svg[39m
            [33mclass[39m=[32m"lucide lucide-arrow-left size-5 group-hover:-translate-x-1 transition-transform"[39m
            [33mfill[39m=[32m"none"[39m
            [33mheight[39m=[32m"24"[39m
            [33mstroke[39m=[32m"currentColor"[39m
            [33mstroke-linecap[39m=[32m"round"[39m
            [33mstroke-linejoin[39m=[32m"round"[39m
            [33mstroke-width[39m=[32m"2"[39m
            [33mviewBox[39m=[32m"0 0 24 24"[39m
            [33mwidth[39m=[32m"24"[39m
            [33mxmlns[39m=[32m"http://www.w3.org/2000/svg"[39m
          [36m>[39m
            [36m<path[39m
              [33md[39m=[32m"m12 19-7-7 7-7"[39m
            [36m/>[39m
            [36m<path[39m
              [33md[39m=[32m"M19 12H5"[39m
            [36m/>[39m
          [36m</svg>[39m
          [36m<span[39m
            [33mclass[39m=[32m"hidden sm:inline"[39m
          [36m>[39m
            [0mTrß╗ƒ vß╗ü trang chß╗º[0m
          [36m</span>[39m
        [36m</button>[39m
      [36m</div>[39m
      [36m<div[39m
        [33mclass[39m=[32m"absolute -bottom-24 -right-24 size-[600px] bg-emerald-400/10 rounded-full blur-[120px] 
pointer-events-none animate-pulse"[39m
        [33mstyle[39m=[32m"animation-duration: 8s;"[39m
      [36m/>[39m
      [36m<div[39m
        [33mclass[39m=[32m"absolute -top-24 -left-24 size-[600px] bg-blue-400/10 rounded-full blur-[120px] 
pointer-events-none animate-pulse"[39m
        [33mstyle[39m=[32m"animation-duration: 10s;"[39m
      [36m/>[39m
      [36m<div[39m
        [33mclass[39m=[32m"absolute inset-0 
bg-[radial-gradient(circle_at_bottom_left,rgba(52,211,153,0.05),transparent_40%)] pointer-events-none"[39m
      [36m/>[39m
      [36m<div[39m
        [33mclass[39m=[32m"absolute top-0 right-0 w-[30%] h-full bg-linear-to-l from-slate-200/20 to-transparent 
pointer-events-none transform -skew-x-12 translate-x-1/4"[39m
      [36m/>[39m
      [36m<div[39m
        [33mclass[39m=[32m"mb-6 sm:mb-10 cursor-pointer transition-transform hover:scale-105 active:scale-95"[39m
      [36m>[39m
        [36m<img[39m
          [33malt[39m=[32m"Quizmon Logo"[39m
          [33mclass[39m=[32m"h-10 sm:h-16 w-auto object-contain drop-shadow-sm"[39m
          [33msrc[39m=[32m"/quizmon.png"[39m
        [36m/>[39m
      [36m</div>[39m
      [36m<div[39m
        [33mclass[39m=[32m"w-full max-w-md bg-white rounded-3xl sm:rounded-4xl p-6 sm:p-10 shadow-2xl 
shadow-slate-200/50 border border-slate-100 animate-in fade-in zoom-in-95 duration-500"[39m
      [36m>[39m
        [36m<div[39m
          [33mclass[39m=[32m"mb-6 sm:mb-8 text-center"[39m
        [36m>[39m
          [36m<h1[39m
            [33mclass[39m=[32m"text-xl sm:text-3xl font-black tracking-tight text-slate-800"[39m
          [36m>[39m
            [0mCh├áo mß╗½ng trß╗ƒ lß║íi![0m
          [36m</h1>[39m
          [36m<p[39m
            [33mclass[39m=[32m"text-sm sm:text-slate-500 font-bold mt-1 sm:mt-2"[39m
          [36m>[39m
            [0m─É─âng nhß║¡p ─æß╗â tiß║┐p tß╗Ñc hß╗ìc tß║¡p.[0m
          [36m</p>[39m
        [36m</div>[39m
        [36m<form[39m
          [33mclass[39m=[32m"space-y-6"[39m
        [36m>[39m
          [36m<div[39m
            [33mclass[39m=[32m"space-y-4"[39m
          [36m>[39m
            [36m<div[39m
              [33mclass[39m=[32m"space-y-1 sm:space-y-2"[39m
            [36m>[39m
              [36m<label[39m
                [33mclass[39m=[32m"text-[10px] sm:text-xs font-black uppercase tracking-widest text-slate-400 
px-1"[39m
              [36m>[39m
                [0mEmail / T├ái khoß║ún[0m
              [36m</label>[39m
              [36m<div[39m
                [33mclass[39m=[32m"relative group"[39m
              [36m>[39m
                [36m<svg[39m
                  [33mclass[39m=[32m"lucide lucide-mail absolute left-4 top-1/2 -translate-y-1/2 size-4 sm:size-5 
text-slate-300 group-focus-within:text-primary transition-colors"[39m
                  [33mfill[39m=[32m"none"[39m
                  [33mheight[39m=[32m"24"[39m
                  [33mstroke[39m=[32m"currentColor"[39m
                  [33mstroke-linecap[39m=[32m"round"[39m
                  [33mstroke-linejoin[39m=[32m"round"[39m
                  [33mstroke-width[39m=[32m"2"[39m
                  [33mviewBox[39m=[32m"0 0 24 24"[39m
                  [33mwidth[39m=[32m"24"[39m
                  [33mxmlns[39m=[32m"http://www.w3.org/2000/svg"[39m
                [36m>[39m
                  [36m<rect[39m
                    [33mheight[39m=[32m"16"[39m
                    [33mrx[39m=[32m"2"[39m
                    [33mwidth[39m=[32m"20"[39m
                    [33mx[39m=[32m"2"[39m
                    [33my[39m=[32m"4"[39m
                  [36m/>[39m
                  [36m<path[39m
                    [33md[39m=[32m"m22 7-8.97 5.7a1.94 1.94 0 0 1-2.06 0L2 7"[39m
                  [36m/>[39m
                [36m</svg>[39m
                [36m<input[39m
                  [33mclass[39m=[32m"w-full bg-slate-50 border-2 border-slate-50 py-3 sm:py-4 pl-10 sm:pl-12 pr-4 
rounded-xl sm:rounded-2xl text-base sm:text-lg font-bold text-slate-700 placeholder:text-slate-300 focus:outline-none 
focus:border-primary/20 focus:bg-white transition-all shadow-sm"[39m
                  [33mrequired[39m=[32m""[39m
                  [33mtype[39m=[32m"text"[39m
                  [33mvalue[39m=[32m""[39m
                [36m/>[39m
              [36m</div>[39m
            [36m</div>[39m
            [36m<div[39m
              [33mclass[39m=[32m"space-y-1 sm:space-y-2"[39m
            [36m>[39m
              [36m<div[39m
                [33mclass[39m=[32m"flex items-center justify-between px-1"[39m
              [36m>[39m
                [36m<label[39m
                  [33mclass[39m=[32m"text-[10px] sm:text-xs font-black uppercase tracking-widest 
text-slate-400"[39m
                [36m>[39m
                  [0mMß║¡t khß║⌐u[0m
                [36m</label>[39m
                [36m<a[39m
                  [33mclass[39m=[32m"text-[10px] sm:text-xs font-black text-primary hover:underline"[39m
                  [33mhref[39m=[32m"#"[39m
                [36m>[39m
                  [0mQu├¬n mß║¡t khß║⌐u?[0m
                [36m</a>[39m
              [36m</div>[39m
              [36m<div[39m
                [33mclass[39m=[32m"relative group"[39m
              [36m>[39m
                [36m<svg[39m
                  [33mclass[39m=[32m"lucide lucide-lock absolute left-4 top-1/2 -translate-y-1/2 size-4 sm:size-5 
text-slate-300 group-focus-within:text-primary transition-colors"[39m
                  [33mfill[39m=[32m"none"[39m
                  [33mheight[39m=[32m"24"[39m
                  [33mstroke[39m=[32m"currentColor"[39m
                  [33mstroke-linecap[39m=[32m"round"[39m
                  [33mstroke-linejoin[39m=[32m"round"[39m
                  [33mstroke-width[39m=[32m"2"[39m
                  [33mviewBox[39m=[32m"0 0 24 24"[39m
                  [33mwidth[39m=[32m"24"[39m
                  [33mxmlns[39m=[32m"http://www.w3.org/2000/svg"[39m
                [36m>[39m
                  [36m<rect[39m
                    [33mheight[39m=[32m"11"[39m
                    [33mrx[39m=[32m"2"[39m
                    [33mry[39m=[32m"2"[39m
                    [33mwidth[39m=[32m"18"[39m
                    [33mx[39m=[32m"3"[39m
                    [33my[39m=[32m"11"[39m
                  [36m/>[39m
                  [36m<path[39m
                    [33md[39m=[32m"M7 11V7a5 5 0 0 1 10 0v4"[39m
                  [36m/>[39m
                [36m</svg>[39m
                [36m<input[39m
                  [33mclass[39m=[32m"w-full bg-slate-50 border-2 border-slate-50 py-3 sm:py-4 pl-10 sm:pl-12 pr-4 
rounded-xl sm:rounded-2xl text-base sm:text-lg font-bold text-slate-700 placeholder:text-slate-300 focus:outline-none 
focus:border-primary/20 focus:bg-white transition-all shadow-sm"[39m
                  [33mplaceholder[39m=[32m"ΓÇóΓÇóΓÇóΓÇóΓÇóΓÇóΓÇóΓÇó"[39m
                  [33mrequired[39m=[32m""[39m
                  [33mtype[39m=[32m"password"[39m
                  [33mvalue[39m=[32m""[39m
                [36m/>[39m
              [36m</div>[39m
            [36m</div>[39m
          [36m</div>[39m
          [36m<button[39m
            [33mclass[39m=[32m"inline-flex items-center justify-center gap-2 whitespace-nowrap 
disabled:pointer-events-none disabled:opacity-50 [&_svg]:pointer-events-none [&_svg:not([class*='size-'])]:size-5 
shrink-0 [&_svg]:shrink-0 outline-none focus-visible:ring-2 focus-visible:ring-primary/50 select-none 
active:translate-y-1 active:shadow-none border-[3px] bg-primary text-primary-foreground border-black/10 
hover:bg-primary/90 hover:-translate-y-0.5 hover:shadow-[0_5px_0_0_rgba(0,0,0,0.2)] h-11 px-6 has-[>svg]:px-4 w-full 
py-5 sm:py-7 rounded-xl sm:rounded-2xl text-base sm:text-xl font-black shadow-lg shadow-primary/20 
hover:shadow-primary/30 active:scale-[0.98] transition-all"[39m
            [33mdata-slot[39m=[32m"button"[39m
            [33mtype[39m=[32m"submit"[39m
          [36m>[39m
            [0m─É─âng nhß║¡p ngay![0m
            [36m<svg[39m
              [33mclass[39m=[32m"lucide lucide-arrow-right ml-2 size-5 sm:size-6"[39m
              [33mfill[39m=[32m"none"[39m
              [33mheight[39m=[32m"24"[39m
              [33mstroke[39m=[32m"currentColor"[39m
              [33mstroke-linecap[39m=[32m"round"[39m
              [33mstroke-linejoin[39m=[32m"round"[39m
              [33mstroke-width[39m=[32m"2"[39m
              [33mviewBox[39m=[32m"0 0 24 24"[39m
              [33mwidth[39m=[32m"24"[39m
              [33mxmlns[39m=[32m"http://www.w3.org/2000/svg"[39m
            [36m>[39m
              [36m<path[39m
                [33md[39m=[32m"M5 12h14"[39m
              [36m/>[39m
              [36m<path[39m
                [33md[39m=[32m"m12 5 7 7-7 7"[39m
              [36m/>[39m
            [36m</svg>[39m
          [36m</button>[39m
          [36m<div[39m
            [33mclass[39m=[32m"relative py-4"[39m
          [36m>[39m
            [36m<div[39m
              [33mclass[39m=[32m"absolute inset-0 flex items-center"[39m
            [36m>[39m
              [36m<span[39m
                [33mclass[39m=[32m"w-full border-t border-slate-100"[39m
              [36m/>[39m
            [36m</div>[39m
            [36m<div[39m
              [33mclass[39m=[32m"relative flex justify-center text-xs uppercase"[39m
            [36m>[39m
              [36m<span[39m
                [33mclass[39m=[32m"bg-white px-4 font-black text-slate-300 tracking-widest"[39m
              [36m>[39m
                [0mhoß║╖c[0m
              [36m</span>[39m
            [36m</div>[39m
          [36m</div>[39m
          [36m<button[39m
            [33mclass[39m=[32m"inline-flex items-center justify-center whitespace-nowrap 
disabled:pointer-events-none disabled:opacity-50 [&_svg]:pointer-events-none [&_svg:not([class*='size-'])]:size-5 
shrink-0 [&_svg]:shrink-0 outline-none focus-visible:ring-2 focus-visible:ring-primary/50 select-none 
active:translate-y-1 active:shadow-none border-[3px] shadow-[0_4px_0_0_#e5e7eb] hover:-translate-y-0.5 
hover:shadow-[0_5px_0_0_#e5e7eb] h-11 px-6 has-[>svg]:px-4 w-full py-5 sm:py-7 rounded-xl sm:rounded-2xl font-black 
text-sm sm:text-lg border-slate-100 bg-slate-50/50 hover:bg-slate-50 hover:border-slate-200 transition-all gap-3 
text-slate-600"[39m
            [33mdata-slot[39m=[32m"button"[39m
            [33mtype[39m=[32m"button"[39m
          [36m>[39m
            [36m<img[39m
              [33malt[39m=[32m"Google"[39m
              [33mclass[39m=[32m"size-5 sm:size-6"[39m
              [33msrc[39m=[32m"https://www.svgrepo.com/show/475656/google-color.svg"[39m
            [36m/>[39m
            [0mTiß║┐p tß╗Ñc vß╗¢i Google[0m
          [36m</button>[39m
        [36m</form>[39m
        [36m<div[39m
          [33mclass[39m=[32m"mt-10 text-center text-sm font-bold text-slate-400"[39m
        [36m>[39m
          [0mCh╞░a c├│ t├ái khoß║ún?[0m
          [0m [0m
          [36m<span[39m
            [33mclass[39m=[32m"text-primary cursor-pointer hover:underline"[39m
          [36m>[39m
            [0m─É─âng k├╜ ngay[0m
          [36m</span>[39m
        [36m</div>[39m
      [36m</div>[39m
      [36m<div[39m
        [33mclass[39m=[32m"mt-8 text-slate-300 text-xs font-bold tracking-widest uppercase"[39m
      [36m>[39m
        [0m┬⌐ 2026 Quizmon Team[0m
      [36m</div>[39m
    [36m</div>[39m
  [36m</div>[39m
[36m</body>[39m
[90m [2mΓ¥»[22m Object.getElementError node_modules/@testing-library/dom/dist/config.js:[2m37:19[22m[39m
[90m [2mΓ¥»[22m node_modules/@testing-library/dom/dist/query-helpers.js:[2m76:38[22m[39m
[90m [2mΓ¥»[22m node_modules/@testing-library/dom/dist/query-helpers.js:[2m52:17[22m[39m
[90m [2mΓ¥»[22m node_modules/@testing-library/dom/dist/query-helpers.js:[2m95:19[22m[39m
[36m [2mΓ¥»[22m src/__tests__/auth/LoginForm.test.tsx:[2m75:35[22m[39m
    [90m 73| [39m        [34mrenderForm[39m()[33m;[39m
    [90m 74| [39m
    [90m 75| [39m        const emailInput = screen.getByPlaceholderText("Username or emΓÇª
    [90m   | [39m                                  [31m^[39m
    [90m 76| [39m        [35mconst[39m passwordInput [33m=[39m 
screen[33m.[39m[34mgetByPlaceholderText[39m([32m"Password"[39m)[33m;[39m
    [90m 77| [39m        const submitButton = screen.getByRole("button", { name: /let'sΓÇª

[31m[2mΓÄ»ΓÄ»ΓÄ»ΓÄ»ΓÄ»ΓÄ»ΓÄ»ΓÄ»ΓÄ»ΓÄ»ΓÄ»ΓÄ»ΓÄ»ΓÄ»ΓÄ»ΓÄ»ΓÄ»ΓÄ»ΓÄ»ΓÄ»ΓÄ»ΓÄ»ΓÄ»ΓÄ»[6/7]ΓÄ»[22m[39m

[41m[1m FAIL [22m[49m src/__tests__/auth/LoginForm.test.tsx[2m > [22mLoginForm Component[2m > [22mnavigates to 
signup page
[31m[1mTestingLibraryElementError[22m[39m: Unable to find an accessible element with the role "button" and name 
`/sign up/i`

Here are the accessible roles:

  button:

  Name "Trß╗ƒ vß╗ü trang chß╗º":
  [36m<button[39m
    [33mclass[39m=[32m"justify-center whitespace-nowrap rounded-full text-base disabled:pointer-events-none 
disabled:opacity-50 [&_svg]:pointer-events-none [&_svg:not([class*='size-'])]:size-5 shrink-0 [&_svg]:shrink-0 
outline-none focus-visible:ring-2 focus-visible:ring-primary/50 select-none border-[3px] border-transparent 
hover:bg-accent active:translate-y-0 active:shadow-none hover:-translate-y-0 h-11 px-6 py-2 has-[>svg]:px-4 group flex 
items-center gap-2 font-black text-slate-400 hover:text-primary transition-colors"[39m
    [33mdata-slot[39m=[32m"button"[39m
  [36m/>[39m

  Name "─É─âng nhß║¡p ngay!":
  [36m<button[39m
    [33mclass[39m=[32m"inline-flex items-center justify-center gap-2 whitespace-nowrap disabled:pointer-events-none 
disabled:opacity-50 [&_svg]:pointer-events-none [&_svg:not([class*='size-'])]:size-5 shrink-0 [&_svg]:shrink-0 
outline-none focus-visible:ring-2 focus-visible:ring-primary/50 select-none active:translate-y-1 active:shadow-none 
border-[3px] bg-primary text-primary-foreground border-black/10 hover:bg-primary/90 hover:-translate-y-0.5 
hover:shadow-[0_5px_0_0_rgba(0,0,0,0.2)] h-11 px-6 has-[>svg]:px-4 w-full py-5 sm:py-7 rounded-xl sm:rounded-2xl 
text-base sm:text-xl font-black shadow-lg shadow-primary/20 hover:shadow-primary/30 active:scale-[0.98] 
transition-all"[39m
    [33mdata-slot[39m=[32m"button"[39m
    [33mtype[39m=[32m"submit"[39m
  [36m/>[39m

  Name "GoogleTiß║┐p tß╗Ñc vß╗¢i Google":
  [36m<button[39m
    [33mclass[39m=[32m"inline-flex items-center justify-center whitespace-nowrap disabled:pointer-events-none 
disabled:opacity-50 [&_svg]:pointer-events-none [&_svg:not([class*='size-'])]:size-5 shrink-0 [&_svg]:shrink-0 
outline-none focus-visible:ring-2 focus-visible:ring-primary/50 select-none active:translate-y-1 active:shadow-none 
border-[3px] shadow-[0_4px_0_0_#e5e7eb] hover:-translate-y-0.5 hover:shadow-[0_5px_0_0_#e5e7eb] h-11 px-6 
has-[>svg]:px-4 w-full py-5 sm:py-7 rounded-xl sm:rounded-2xl font-black text-sm sm:text-lg border-slate-100 
bg-slate-50/50 hover:bg-slate-50 hover:border-slate-200 transition-all gap-3 text-slate-600"[39m
    [33mdata-slot[39m=[32m"button"[39m
    [33mtype[39m=[32m"button"[39m
  [36m/>[39m

  --------------------------------------------------
  img:

  Name "Quizmon Logo":
  [36m<img[39m
    [33malt[39m=[32m"Quizmon Logo"[39m
    [33mclass[39m=[32m"h-10 sm:h-16 w-auto object-contain drop-shadow-sm"[39m
    [33msrc[39m=[32m"/quizmon.png"[39m
  [36m/>[39m

  Name "Google":
  [36m<img[39m
    [33malt[39m=[32m"Google"[39m
    [33mclass[39m=[32m"size-5 sm:size-6"[39m
    [33msrc[39m=[32m"https://www.svgrepo.com/show/475656/google-color.svg"[39m
  [36m/>[39m

  --------------------------------------------------
  heading:

  Name "Ch├áo mß╗½ng trß╗ƒ lß║íi!":
  [36m<h1[39m
    [33mclass[39m=[32m"text-xl sm:text-3xl font-black tracking-tight text-slate-800"[39m
  [36m/>[39m

  --------------------------------------------------
  paragraph:

  Name "":
  [36m<p[39m
    [33mclass[39m=[32m"text-sm sm:text-slate-500 font-bold mt-1 sm:mt-2"[39m
  [36m/>[39m

  --------------------------------------------------
  textbox:

  Name "":
  [36m<input[39m
    [33mclass[39m=[32m"w-full bg-slate-50 border-2 border-slate-50 py-3 sm:py-4 pl-10 sm:pl-12 pr-4 rounded-xl 
sm:rounded-2xl text-base sm:text-lg font-bold text-slate-700 placeholder:text-slate-300 focus:outline-none 
focus:border-primary/20 focus:bg-white transition-all shadow-sm"[39m
    [33mrequired[39m=[32m""[39m
    [33mtype[39m=[32m"text"[39m
    [33mvalue[39m=[32m""[39m
  [36m/>[39m

  --------------------------------------------------
  link:

  Name "Qu├¬n mß║¡t khß║⌐u?":
  [36m<a[39m
    [33mclass[39m=[32m"text-[10px] sm:text-xs font-black text-primary hover:underline"[39m
    [33mhref[39m=[32m"#"[39m
  [36m/>[39m

  --------------------------------------------------

Ignored nodes: comments, script, style
[36m<body>[39m
  [36m<div>[39m
    [36m<div[39m
      [33mclass[39m=[32m"min-h-screen w-full flex flex-col items-center justify-center bg-[#f8fafc] p-4 sm:p-6 
relative overflow-hidden"[39m
    [36m>[39m
      [36m<div[39m
        [33mclass[39m=[32m"absolute top-4 left-4 sm:top-8 sm:left-8 z-20"[39m
      [36m>[39m
        [36m<button[39m
          [33mclass[39m=[32m"justify-center whitespace-nowrap rounded-full text-base disabled:pointer-events-none 
disabled:opacity-50 [&_svg]:pointer-events-none [&_svg:not([class*='size-'])]:size-5 shrink-0 [&_svg]:shrink-0 
outline-none focus-visible:ring-2 focus-visible:ring-primary/50 select-none border-[3px] border-transparent 
hover:bg-accent active:translate-y-0 active:shadow-none hover:-translate-y-0 h-11 px-6 py-2 has-[>svg]:px-4 group flex 
items-center gap-2 font-black text-slate-400 hover:text-primary transition-colors"[39m
          [33mdata-slot[39m=[32m"button"[39m
        [36m>[39m
          [36m<svg[39m
            [33mclass[39m=[32m"lucide lucide-arrow-left size-5 group-hover:-translate-x-1 transition-transform"[39m
            [33mfill[39m=[32m"none"[39m
            [33mheight[39m=[32m"24"[39m
            [33mstroke[39m=[32m"currentColor"[39m
            [33mstroke-linecap[39m=[32m"round"[39m
            [33mstroke-linejoin[39m=[32m"round"[39m
            [33mstroke-width[39m=[32m"2"[39m
            [33mviewBox[39m=[32m"0 0 24 24"[39m
            [33mwidth[39m=[32m"24"[39m
            [33mxmlns[39m=[32m"http://www.w3.org/2000/svg"[39m
          [36m>[39m
            [36m<path[39m
              [33md[39m=[32m"m12 19-7-7 7-7"[39m
            [36m/>[39m
            [36m<path[39m
              [33md[39m=[32m"M19 12H5"[39m
            [36m/>[39m
          [36m</svg>[39m
          [36m<span[39m
            [33mclass[39m=[32m"hidden sm:inline"[39m
          [36m>[39m
            [0mTrß╗ƒ vß╗ü trang chß╗º[0m
          [36m</span>[39m
        [36m</button>[39m
      [36m</div>[39m
      [36m<div[39m
        [33mclass[39m=[32m"absolute -bottom-24 -right-24 size-[600px] bg-emerald-400/10 rounded-full blur-[120px] 
pointer-events-none animate-pulse"[39m
        [33mstyle[39m=[32m"animation-duration: 8s;"[39m
      [36m/>[39m
      [36m<div[39m
        [33mclass[39m=[32m"absolute -top-24 -left-24 size-[600px] bg-blue-400/10 rounded-full blur-[120px] 
pointer-events-none animate-pulse"[39m
        [33mstyle[39m=[32m"animation-duration: 10s;"[39m
      [36m/>[39m
      [36m<div[39m
        [33mclass[39m=[32m"absolute inset-0 
bg-[radial-gradient(circle_at_bottom_left,rgba(52,211,153,0.05),transparent_40%)] pointer-events-none"[39m
      [36m/>[39m
      [36m<div[39m
        [33mclass[39m=[32m"absolute top-0 right-0 w-[30%] h-full bg-linear-to-l from-slate-200/20 to-transparent 
pointer-events-none transform -skew-x-12 translate-x-1/4"[39m
      [36m/>[39m
      [36m<div[39m
        [33mclass[39m=[32m"mb-6 sm:mb-10 cursor-pointer transition-transform hover:scale-105 active:scale-95"[39m
      [36m>[39m
        [36m<img[39m
          [33malt[39m=[32m"Quizmon Logo"[39m
          [33mclass[39m=[32m"h-10 sm:h-16 w-auto object-contain drop-shadow-sm"[39m
          [33msrc[39m=[32m"/quizmon.png"[39m
        [36m/>[39m
      [36m</div>[39m
      [36m<div[39m
        [33mclass[39m=[32m"w-full max-w-md bg-white rounded-3xl sm:rounded-4xl p-6 sm:p-10 shadow-2xl 
shadow-slate-200/50 border border-slate-100 animate-in fade-in zoom-in-95 duration-500"[39m
      [36m>[39m
        [36m<div[39m
          [33mclass[39m=[32m"mb-6 sm:mb-8 text-center"[39m
        [36m>[39m
          [36m<h1[39m
            [33mclass[39m=[32m"text-xl sm:text-3xl font-black tracking-tight text-slate-800"[39m
          [36m>[39m
            [0mCh├áo mß╗½ng trß╗ƒ lß║íi![0m
          [36m</h1>[39m
          [36m<p[39m
            [33mclass[39m=[32m"text-sm sm:text-slate-500 font-bold mt-1 sm:mt-2"[39m
          [36m>[39m
            [0m─É─âng nhß║¡p ─æß╗â tiß║┐p tß╗Ñc hß╗ìc tß║¡p.[0m
          [36m</p>[39m
        [36m</div>[39m
        [36m<form[39m
          [33mclass[39m=[32m"space-y-6"[39m
        [36m>[39m
          [36m<div[39m
            [33mclass[39m=[32m"space-y-4"[39m
          [36m>[39m
            [36m<div[39m
              [33mclass[39m=[32m"space-y-1 sm:space-y-2"[39m
            [36m>[39m
              [36m<label[39m
                [33mclass[39m=[32m"text-[10px] sm:text-xs font-black uppercase tracking-widest text-slate-400 
px-1"[39m
              [36m>[39m
                [0mEmail / T├ái khoß║ún[0m
              [36m</label>[39m
              [36m<div[39m
                [33mclass[39m=[32m"relative group"[39m
              [36m>[39m
                [36m<svg[39m
                  [33mclass[39m=[32m"lucide lucide-mail absolute left-4 top-1/2 -translate-y-1/2 size-4 sm:size-5 
text-slate-300 group-focus-within:text-primary transition-colors"[39m
                  [33mfill[39m=[32m"none"[39m
                  [33mheight[39m=[32m"24"[39m
                  [33mstroke[39m=[32m"currentColor"[39m
                  [33mstroke-linecap[39m=[32m"round"[39m
                  [33mstroke-linejoin[39m=[32m"round"[39m
                  [33mstroke-width[39m=[32m"2"[39m
                  [33mviewBox[39m=[32m"0 0 24 24"[39m
                  [33mwidth[39m=[32m"24"[39m
                  [33mxmlns[39m=[32m"http://www.w3.org/2000/svg"[39m
                [36m>[39m
                  [36m<rect[39m
                    [33mheight[39m=[32m"16"[39m
                    [33mrx[39m=[32m"2"[39m
                    [33mwidth[39m=[32m"20"[39m
                    [33mx[39m=[32m"2"[39m
                    [33my[39m=[32m"4"[39m
                  [36m/>[39m
                  [36m<path[39m
                    [33md[39m=[32m"m22 7-8.97 5.7a1.94 1.94 0 0 1-2.06 0L2 7"[39m
                  [36m/>[39m
                [36m</svg>[39m
                [36m<input[39m
                  [33mclass[39m=[32m"w-full bg-slate-50 border-2 border-slate-50 py-3 sm:py-4 pl-10 sm:pl-12 pr-4 
rounded-xl sm:rounded-2xl text-base sm:text-lg font-bold text-slate-700 placeholder:text-slate-300 focus:outline-none 
focus:border-primary/20 focus:bg-white transition-all shadow-sm"[39m
                  [33mrequired[39m=[32m""[39m
                  [33mtype[39m=[32m"text"[39m
                  [33mvalue[39m=[32m""[39m
                [36m/>[39m
              [36m</div>[39m
            [36m</div>[39m
            [36m<div[39m
              [33mclass[39m=[32m"space-y-1 sm:space-y-2"[39m
            [36m>[39m
              [36m<div[39m
                [33mclass[39m=[32m"flex items-center justify-between px-1"[39m
              [36m>[39m
                [36m<label[39m
                  [33mclass[39m=[32m"text-[10px] sm:text-xs font-black uppercase tracking-widest 
text-slate-400"[39m
                [36m>[39m
                  [0mMß║¡t khß║⌐u[0m
                [36m</label>[39m
                [36m<a[39m
                  [33mclass[39m=[32m"text-[10px] sm:text-xs font-black text-primary hover:underline"[39m
                  [33mhref[39m=[32m"#"[39m
                [36m>[39m
                  [0mQu├¬n mß║¡t khß║⌐u?[0m
                [36m</a>[39m
              [36m</div>[39m
              [36m<div[39m
                [33mclass[39m=[32m"relative group"[39m
              [36m>[39m
                [36m<svg[39m
                  [33mclass[39m=[32m"lucide lucide-lock absolute left-4 top-1/2 -translate-y-1/2 size-4 sm:size-5 
text-slate-300 group-focus-within:text-primary transition-colors"[39m
                  [33mfill[39m=[32m"none"[39m
                  [33mheight[39m=[32m"24"[39m
                  [33mstroke[39m=[32m"currentColor"[39m
                  [33mstroke-linecap[39m=[32m"round"[39m
                  [33mstroke-linejoin[39m=[32m"round"[39m
                  [33mstroke-width[39m=[32m"2"[39m
                  [33mviewBox[39m=[32m"0 0 24 24"[39m
                  [33mwidth[39m=[32m"24"[39m
                  [33mxmlns[39m=[32m"http://www.w3.org/2000/svg"[39m
                [36m>[39m
                  [36m<rect[39m
                    [33mheight[39m=[32m"11"[39m
                    [33mrx[39m=[32m"2"[39m
                    [33mry[39m=[32m"2"[39m
                    [33mwidth[39m=[32m"18"[39m
                    [33mx[39m=[32m"3"[39m
                    [33my[39m=[32m"11"[39m
                  [36m/>[39m
                  [36m<path[39m
                    [33md[39m=[32m"M7 11V7a5 5 0 0 1 10 0v4"[39m
                  [36m/>[39m
                [36m</svg>[39m
                [36m<input[39m
                  [33mclass[39m=[32m"w-full bg-slate-50 border-2 border-slate-50 py-3 sm:py-4 pl-10 sm:pl-12 pr-4 
rounded-xl sm:rounded-2xl text-base sm:text-lg font-bold text-slate-700 placeholder:text-slate-300 focus:outline-none 
focus:border-primary/20 focus:bg-white transition-all shadow-sm"[39m
                  [33mplaceholder[39m=[32m"ΓÇóΓÇóΓÇóΓÇóΓÇóΓÇóΓÇóΓÇó"[39m
                  [33mrequired[39m=[32m""[39m
                  [33mtype[39m=[32m"password"[39m
                  [33mvalue[39m=[32m""[39m
                [36m/>[39m
              [36m</div>[39m
            [36m</div>[39m
          [36m</div>[39m
          [36m<button[39m
            [33mclass[39m=[32m"inline-flex items-center justify-center gap-2 whitespace-nowrap 
disabled:pointer-events-none disabled:opacity-50 [&_svg]:pointer-events-none [&_svg:not([class*='size-'])]:size-5 
shrink-0 [&_svg]:shrink-0 outline-none focus-visible:ring-2 focus-visible:ring-primary/50 select-none 
active:translate-y-1 active:shadow-none border-[3px] bg-primary text-primary-foreground border-black/10 
hover:bg-primary/90 hover:-translate-y-0.5 hover:shadow-[0_5px_0_0_rgba(0,0,0,0.2)] h-11 px-6 has-[>svg]:px-4 w-full 
py-5 sm:py-7 rounded-xl sm:rounded-2xl text-base sm:text-xl font-black shadow-lg shadow-primary/20 
hover:shadow-primary/30 active:scale-[0.98] transition-all"[39m
            [33mdata-slot[39m=[32m"button"[39m
            [33mtype[39m=[32m"submit"[39m
          [36m>[39m
            [0m─É─âng nhß║¡p ngay![0m
            [36m<svg[39m
              [33mclass[39m=[32m"lucide lucide-arrow-right ml-2 size-5 sm:size-6"[39m
              [33mfill[39m=[32m"none"[39m
              [33mheight[39m=[32m"24"[39m
              [33mstroke[39m=[32m"currentColor"[39m
              [33mstroke-linecap[39m=[32m"round"[39m
              [33mstroke-linejoin[39m=[32m"round"[39m
              [33mstroke-width[39m=[32m"2"[39m
              [33mviewBox[39m=[32m"0 0 24 24"[39m
              [33mwidth[39m=[32m"24"[39m
              [33mxmlns[39m=[32m"http://www.w3.org/2000/svg"[39m
            [36m>[39m
              [36m<path[39m
                [33md[39m=[32m"M5 12h14"[39m
              [36m/>[39m
              [36m<path[39m

[2m Test Files [22m [1m[31m4 failed[39m[22m[2m | [22m[1m[32m13 passed[39m[22m[90m (17)[39m
[2m      Tests [22m [1m[31m4 failed[39m[22m[2m | [22m[1m[32m49 passed[39m[22m[90m (53)[39m
[2m   Start at [22m 01:28:45
[2m   Duration [22m 6.73s[2m (transform 2.47s, setup 3.72s, import 8.33s, tests 7.84s, environment 31.96s)[22m

                [33md[39m=[32m"m12 5 7 7-7 7"[39m
              [36m/>[39m
            [36m</svg>[39m
          [36m</button>[39m
          [36m<div[39m
            [33mclass[39m=[32m"relative py-4"[39m
          [36m>[39m
            [36m<div[39m
              [33mclass[39m=[32m"absolute inset-0 flex items-center"[39m
            [36m>[39m
              [36m<span[39m
                [33mclass[39m=[32m"w-full border-t border-slate-100"[39m
              [36m/>[39m
            [36m</div>[39m
            [36m<div[39m
              [33mclass[39m=[32m"relative flex justify-center text-xs uppercase"[39m
            [36m>[39m
              [36m<span[39m
                [33mclass[39m=[32m"bg-white px-4 font-black text-slate-300 tracking-widest"[39m
              [36m>[39m
                [0mhoß║╖c[0m
              [36m</span>[39m
            [36m</div>[39m
          [36m</div>[39m
          [36m<button[39m
            [33mclass[39m=[32m"inline-flex items-center justify-center whitespace-nowrap 
disabled:pointer-events-none disabled:opacity-50 [&_svg]:pointer-events-none [&_svg:not([class*='size-'])]:size-5 
shrink-0 [&_svg]:shrink-0 outline-none focus-visible:ring-2 focus-visible:ring-primary/50 select-none 
active:translate-y-1 active:shadow-none border-[3px] shadow-[0_4px_0_0_#e5e7eb] hover:-translate-y-0.5 
hover:shadow-[0_5px_0_0_#e5e7eb] h-11 px-6 has-[>svg]:px-4 w-full py-5 sm:py-7 rounded-xl sm:rounded-2xl font-black 
text-sm sm:text-lg border-slate-100 bg-slate-50/50 hover:bg-slate-50 hover:border-slate-200 transition-all gap-3 
text-slate-600"[39m
            [33mdata-slot[39m=[32m"button"[39m
            [33mtype[39m=[32m"button"[39m
          [36m>[39m
            [36m<img[39m
              [33malt[39m=[32m"Google"[39m
              [33mclass[39m=[32m"size-5 sm:size-6"[39m
              [33msrc[39m=[32m"https://www.svgrepo.com/show/475656/google-color.svg"[39m
            [36m/>[39m
            [0mTiß║┐p tß╗Ñc vß╗¢i Google[0m
          [36m</button>[39m
        [36m</form>[39m
        [36m<div[39m
          [33mclass[39m=[32m"mt-10 text-center text-sm font-bold text-slate-400"[39m
        [36m>[39m
          [0mCh╞░a c├│ t├ái khoß║ún?[0m
          [0m [0m
          [36m<span[39m
            [33mclass[39m=[32m"text-primary cursor-pointer hover:underline"[39m
          [36m>[39m
            [0m─É─âng k├╜ ngay[0m
          [36m</span>[39m
        [36m</div>[39m
      [36m</div>[39m
      [36m<div[39m
        [33mclass[39m=[32m"mt-8 text-slate-300 text-xs font-bold tracking-widest uppercase"[39m
      [36m>[39m
        [0m┬⌐ 2026 Quizmon Team[0m
      [36m</div>[39m
    [36m</div>[39m
  [36m</div>[39m
[36m</body>[39m
[90m [2mΓ¥»[22m Object.getElementError node_modules/@testing-library/dom/dist/config.js:[2m37:19[22m[39m
[90m [2mΓ¥»[22m node_modules/@testing-library/dom/dist/query-helpers.js:[2m76:38[22m[39m
[90m [2mΓ¥»[22m node_modules/@testing-library/dom/dist/query-helpers.js:[2m52:17[22m[39m
[90m [2mΓ¥»[22m node_modules/@testing-library/dom/dist/query-helpers.js:[2m95:19[22m[39m
[36m [2mΓ¥»[22m src/__tests__/auth/LoginForm.test.tsx:[2m112:37[22m[39m
    [90m110| [39m    [34mit[39m([32m"navigates to signup page"[39m[33m,[39m () [33m=>[39m {
    [90m111| [39m        [34mrenderForm[39m()[33m;[39m
    [90m112| [39m        const signupButton = screen.getByRole("button", { name: /sign ΓÇª
    [90m   | [39m                                    [31m^[39m
    [90m113| [39m
    [90m114| [39m        fireEvent[33m.[39m[34mclick[39m(signupButton)[33m;[39m

[31m[2mΓÄ»ΓÄ»ΓÄ»ΓÄ»ΓÄ»ΓÄ»ΓÄ»ΓÄ»ΓÄ»ΓÄ»ΓÄ»ΓÄ»ΓÄ»ΓÄ»ΓÄ»ΓÄ»ΓÄ»ΓÄ»ΓÄ»ΓÄ»ΓÄ»ΓÄ»ΓÄ»ΓÄ»[7/7]ΓÄ»[22m[39m

